../Core/Src/main.c:94:5:main	8	static
../Core/Src/main.c:153:6:SystemClock_Config	88	static
../Core/Src/main.c:199:13:MX_I2C2_Init	8	static
../Core/Src/main.c:233:13:MX_SPI1_Init	8	static
../Core/Src/main.c:271:13:MX_SPI2_Init	8	static
../Core/Src/main.c:309:13:MX_TIM1_Init	32	static
../Core/Src/main.c:355:13:MX_TIM2_Init	32	static
../Core/Src/main.c:400:13:MX_TIM3_Init	64	static
../Core/Src/main.c:459:13:MX_TIM4_Init	64	static
../Core/Src/main.c:522:13:MX_TIM5_Init	32	static
../Core/Src/main.c:565:13:MX_DMA_Init	16	static
../Core/Src/main.c:583:13:MX_GPIO_Init	56	static
../Core/Src/main.c:700:6:Home	32	static
../Core/Src/main.c:754:6:Error_Handler	4	static,ignoring_inline_asm
