../Core/Src/main.c:132:5:main	1
../Core/Src/main.c:204:6:SystemClock_Config	3
../Core/Src/main.c:250:13:MX_I2C2_Init	2
../Core/Src/main.c:284:13:MX_SPI1_Init	2
../Core/Src/main.c:322:13:MX_SPI3_Init	2
../Core/Src/main.c:360:13:MX_TIM1_Init	4
../Core/Src/main.c:406:13:MX_TIM2_Init	4
../Core/Src/main.c:451:13:MX_TIM3_Init	6
../Core/Src/main.c:510:13:MX_TIM4_Init	7
../Core/Src/main.c:573:13:MX_TIM5_Init	4
../Core/Src/main.c:618:13:MX_GPIO_Init	1
../Core/Src/main.c:730:6:Home	4
../Core/Src/main.c:777:13:Task_Once_StorageInit	5
../Core/Src/main.c:816:13:Task_ReadSD	25
../Core/Src/main.c:886:13:USB_Printf	3
../Core/Src/main.c:898:13:Task_PIDandStreamUSB	11
../Core/Src/main.c:981:13:Task_UpdatePWMs	4
../Core/Src/main.c:1008:10:MAX6675_ReadRaw	1
../Core/Src/main.c:1024:7:MAX6675_ReadTemp	2
../Core/Src/main.c:1038:6:SystemTasks	1
../Core/Src/main.c:1052:6:Error_Handler	1
