../Core/Src/driver_max6675_interface.c:10:6:max6675_interface_init	4	static
../Core/Src/driver_max6675_interface.c:11:6:max6675_interface_deinit	4	static
../Core/Src/driver_max6675_interface.c:13:6:max6675_interface_cs_low	8	static
../Core/Src/driver_max6675_interface.c:14:6:max6675_interface_cs_high	8	static
../Core/Src/driver_max6675_interface.c:16:9:max6675_interface_spi_read	24	static
../Core/Src/driver_max6675_interface.c:33:6:max6675_interface_delay_ms	16	static
../Core/Src/driver_max6675_interface.c:34:6:max6675_interface_debug_print	4	static
