../Core/Src/main.c:102:5:main	1
../Core/Src/main.c:163:6:SystemClock_Config	3
../Core/Src/main.c:209:13:MX_I2C2_Init	2
../Core/Src/main.c:243:13:MX_SPI1_Init	2
../Core/Src/main.c:281:13:MX_SPI2_Init	2
../Core/Src/main.c:319:13:MX_TIM1_Init	4
../Core/Src/main.c:365:13:MX_TIM2_Init	4
../Core/Src/main.c:410:13:MX_TIM3_Init	6
../Core/Src/main.c:469:13:MX_TIM4_Init	7
../Core/Src/main.c:532:13:MX_TIM5_Init	4
../Core/Src/main.c:575:13:MX_DMA_Init	1
../Core/Src/main.c:593:13:MX_GPIO_Init	1
../Core/Src/main.c:709:13:USB_Printf	3
../Core/Src/main.c:720:13:Task_StreamUSB	2
../Core/Src/main.c:733:6:SystemTasks	1
../Core/Src/main.c:744:6:Error_Handler	1
