../Core/Src/main.c:129:5:main	8	static
../Core/Src/main.c:209:6:SystemClock_Config	88	static
../Core/Src/main.c:255:13:MX_I2C2_Init	8	static
../Core/Src/main.c:289:13:MX_SPI1_Init	8	static
../Core/Src/main.c:327:13:MX_SPI2_Init	8	static
../Core/Src/main.c:365:13:MX_TIM1_Init	32	static
../Core/Src/main.c:411:13:MX_TIM2_Init	32	static
../Core/Src/main.c:456:13:MX_TIM3_Init	64	static
../Core/Src/main.c:515:13:MX_TIM4_Init	64	static
../Core/Src/main.c:578:13:MX_TIM5_Init	32	static
../Core/Src/main.c:621:13:MX_DMA_Init	16	static
../Core/Src/main.c:639:13:MX_GPIO_Init	56	static
../Core/Src/main.c:756:6:Home	32	static
../Core/Src/main.c:803:13:Task_Once_StorageInit	8	static
../Core/Src/main.c:818:13:Task_ReadSD	96	static
../Core/Src/main.c:884:13:USB_Printf	16	static
../Core/Src/main.c:896:13:Task_StreamUSB	40	static
../Core/Src/main.c:910:13:Task_UpdatePWMs	32	static
../Core/Src/main.c:937:6:SystemTasks	8	static
../Core/Src/main.c:951:6:Error_Handler	4	static,ignoring_inline_asm
