../Core/Src/main.c:117:13:Task_SampleSensors	24	static
../Core/Src/main.c:134:5:main	8	static
../Core/Src/main.c:214:6:SystemClock_Config	88	static
../Core/Src/main.c:260:13:MX_I2C2_Init	8	static
../Core/Src/main.c:294:13:MX_SPI1_Init	8	static
../Core/Src/main.c:332:13:MX_SPI2_Init	8	static
../Core/Src/main.c:370:13:MX_TIM1_Init	32	static
../Core/Src/main.c:416:13:MX_TIM2_Init	32	static
../Core/Src/main.c:461:13:MX_TIM3_Init	64	static
../Core/Src/main.c:520:13:MX_TIM4_Init	64	static
../Core/Src/main.c:583:13:MX_TIM5_Init	32	static
../Core/Src/main.c:626:13:MX_DMA_Init	16	static
../Core/Src/main.c:644:13:MX_GPIO_Init	56	static
../Core/Src/main.c:761:6:Home	32	static
../Core/Src/main.c:808:13:Task_Once_StorageInit	8	static
../Core/Src/main.c:823:13:Task_ReadSD	96	static
../Core/Src/main.c:890:13:USB_Printf	16	static
../Core/Src/main.c:902:13:Task_StreamUSB	40	static
../Core/Src/main.c:916:13:Task_UpdatePWMs	32	static
../Core/Src/main.c:943:6:SystemTasks	8	static
../Core/Src/main.c:957:6:Error_Handler	4	static,ignoring_inline_asm
