../Core/Src/stepper.c:36:24:u32rf	16	static
../Core/Src/stepper.c:38:13:enable_driver_and_microstep	8	static
../Core/Src/stepper.c:49:29:dir_level	24	static
../Core/Src/stepper.c:55:13:set_dirs	24	static
../Core/Src/stepper.c:63:13:arm_timer_period_us	16	static
../Core/Src/stepper.c:69:13:build_plan	80	static
../Core/Src/stepper.c:93:12:load_next_plan	56	static
../Core/Src/stepper.c:111:6:Stepper_Init_TIM1	8	static
../Core/Src/stepper.c:119:6:Stepper_ResetPosition	24	static,ignoring_inline_asm
../Core/Src/stepper.c:123:13:qpush	88	static,ignoring_inline_asm
../Core/Src/stepper.c:132:6:Stepper_QueueAbs	32	static
../Core/Src/stepper.c:133:6:Stepper_QueueRel	32	static
../Core/Src/stepper.c:134:6:Stepper_IsIdle	4	static
../Core/Src/stepper.c:137:6:HAL_TIM_PeriodElapsedCallback	24	static,ignoring_inline_asm
