Archive member included to satisfy reference by file (symbol)

C:/ST/STM32CubeIDE_1.16.1/STM32CubeIDE/plugins/com.st.stm32cube.ide.mcu.externaltools.gnu-tools-for-stm32.12.3.rel1.win32_1.0.200.202406191623/tools/bin/../lib/gcc/arm-none-eabi/12.3.1/../../../../arm-none-eabi/lib/thumb/v7e-m+fp/hard\libc_nano.a(libc_a-exit.o)
                              C:/ST/STM32CubeIDE_1.16.1/STM32CubeIDE/plugins/com.st.stm32cube.ide.mcu.externaltools.gnu-tools-for-stm32.12.3.rel1.win32_1.0.200.202406191623/tools/bin/../lib/gcc/arm-none-eabi/12.3.1/../../../../arm-none-eabi/lib/thumb/v7e-m+fp/hard/crt0.o (exit)
C:/ST/STM32CubeIDE_1.16.1/STM32CubeIDE/plugins/com.st.stm32cube.ide.mcu.externaltools.gnu-tools-for-stm32.12.3.rel1.win32_1.0.200.202406191623/tools/bin/../lib/gcc/arm-none-eabi/12.3.1/../../../../arm-none-eabi/lib/thumb/v7e-m+fp/hard\libc_nano.a(libc_a-nano-vfprintf_float.o)
                              (_printf_float)
C:/ST/STM32CubeIDE_1.16.1/STM32CubeIDE/plugins/com.st.stm32cube.ide.mcu.externaltools.gnu-tools-for-stm32.12.3.rel1.win32_1.0.200.202406191623/tools/bin/../lib/gcc/arm-none-eabi/12.3.1/../../../../arm-none-eabi/lib/thumb/v7e-m+fp/hard\libc_nano.a(libc_a-nano-vfprintf_i.o)
                              C:/ST/STM32CubeIDE_1.16.1/STM32CubeIDE/plugins/com.st.stm32cube.ide.mcu.externaltools.gnu-tools-for-stm32.12.3.rel1.win32_1.0.200.202406191623/tools/bin/../lib/gcc/arm-none-eabi/12.3.1/../../../../arm-none-eabi/lib/thumb/v7e-m+fp/hard\libc_nano.a(libc_a-nano-vfprintf_float.o) (_printf_common)
C:/ST/STM32CubeIDE_1.16.1/STM32CubeIDE/plugins/com.st.stm32cube.ide.mcu.externaltools.gnu-tools-for-stm32.12.3.rel1.win32_1.0.200.202406191623/tools/bin/../lib/gcc/arm-none-eabi/12.3.1/../../../../arm-none-eabi/lib/thumb/v7e-m+fp/hard\libc_nano.a(libc_a-nano-vfscanf_float.o)
                              (_scanf_float)
C:/ST/STM32CubeIDE_1.16.1/STM32CubeIDE/plugins/com.st.stm32cube.ide.mcu.externaltools.gnu-tools-for-stm32.12.3.rel1.win32_1.0.200.202406191623/tools/bin/../lib/gcc/arm-none-eabi/12.3.1/../../../../arm-none-eabi/lib/thumb/v7e-m+fp/hard\libc_nano.a(libc_a-findfp.o)
                              C:/ST/STM32CubeIDE_1.16.1/STM32CubeIDE/plugins/com.st.stm32cube.ide.mcu.externaltools.gnu-tools-for-stm32.12.3.rel1.win32_1.0.200.202406191623/tools/bin/../lib/gcc/arm-none-eabi/12.3.1/../../../../arm-none-eabi/lib/thumb/v7e-m+fp/hard\libc_nano.a(libc_a-exit.o) (__stdio_exit_handler)
C:/ST/STM32CubeIDE_1.16.1/STM32CubeIDE/plugins/com.st.stm32cube.ide.mcu.externaltools.gnu-tools-for-stm32.12.3.rel1.win32_1.0.200.202406191623/tools/bin/../lib/gcc/arm-none-eabi/12.3.1/../../../../arm-none-eabi/lib/thumb/v7e-m+fp/hard\libc_nano.a(libc_a-fwalk.o)
                              C:/ST/STM32CubeIDE_1.16.1/STM32CubeIDE/plugins/com.st.stm32cube.ide.mcu.externaltools.gnu-tools-for-stm32.12.3.rel1.win32_1.0.200.202406191623/tools/bin/../lib/gcc/arm-none-eabi/12.3.1/../../../../arm-none-eabi/lib/thumb/v7e-m+fp/hard\libc_nano.a(libc_a-findfp.o) (_fwalk_sglue)
C:/ST/STM32CubeIDE_1.16.1/STM32CubeIDE/plugins/com.st.stm32cube.ide.mcu.externaltools.gnu-tools-for-stm32.12.3.rel1.win32_1.0.200.202406191623/tools/bin/../lib/gcc/arm-none-eabi/12.3.1/../../../../arm-none-eabi/lib/thumb/v7e-m+fp/hard\libc_nano.a(libc_a-sprintf.o)
                              C:/ST/STM32CubeIDE_1.16.1/STM32CubeIDE/plugins/com.st.stm32cube.ide.mcu.externaltools.gnu-tools-for-stm32.12.3.rel1.win32_1.0.200.202406191623/tools/bin/../lib/gcc/arm-none-eabi/12.3.1/../../../../arm-none-eabi/lib/thumb/v7e-m+fp/hard\libc_nano.a(libc_a-nano-vfscanf_float.o) (sprintf)
C:/ST/STM32CubeIDE_1.16.1/STM32CubeIDE/plugins/com.st.stm32cube.ide.mcu.externaltools.gnu-tools-for-stm32.12.3.rel1.win32_1.0.200.202406191623/tools/bin/../lib/gcc/arm-none-eabi/12.3.1/../../../../arm-none-eabi/lib/thumb/v7e-m+fp/hard\libc_nano.a(libc_a-sscanf.o)
                              ./Core/Src/main.o (sscanf)
C:/ST/STM32CubeIDE_1.16.1/STM32CubeIDE/plugins/com.st.stm32cube.ide.mcu.externaltools.gnu-tools-for-stm32.12.3.rel1.win32_1.0.200.202406191623/tools/bin/../lib/gcc/arm-none-eabi/12.3.1/../../../../arm-none-eabi/lib/thumb/v7e-m+fp/hard\libc_nano.a(libc_a-stdio.o)
                              C:/ST/STM32CubeIDE_1.16.1/STM32CubeIDE/plugins/com.st.stm32cube.ide.mcu.externaltools.gnu-tools-for-stm32.12.3.rel1.win32_1.0.200.202406191623/tools/bin/../lib/gcc/arm-none-eabi/12.3.1/../../../../arm-none-eabi/lib/thumb/v7e-m+fp/hard\libc_nano.a(libc_a-findfp.o) (__sread)
C:/ST/STM32CubeIDE_1.16.1/STM32CubeIDE/plugins/com.st.stm32cube.ide.mcu.externaltools.gnu-tools-for-stm32.12.3.rel1.win32_1.0.200.202406191623/tools/bin/../lib/gcc/arm-none-eabi/12.3.1/../../../../arm-none-eabi/lib/thumb/v7e-m+fp/hard\libc_nano.a(libc_a-vsnprintf.o)
                              ./Core/Src/main.o (vsnprintf)
[...]
Memory Configuration

Name             Origin             Length             Attributes
CCMRAM           0x10000000         0x00010000         xrw
RAM              0x20000000         0x00020000         xrw
FLASH            0x08000000         0x00100000         xr
*default*        0x00000000         0xffffffff

Linker script and memory map

LOAD C:/ST/STM32CubeIDE_1.16.1/STM32CubeIDE/plugins/com.st.stm32cube.ide.mcu.externaltools.gnu-tools-for-stm32.12.3.rel1.win32_1.0.200.202406191623/tools/bin/../lib/gcc/arm-none-eabi/12.3.1/thumb/v7e-m+fp/hard/crti.o
LOAD C:/ST/STM32CubeIDE_1.16.1/STM32CubeIDE/plugins/com.st.stm32cube.ide.mcu.externaltools.gnu-tools-for-stm32.12.3.rel1.win32_1.0.200.202406191623/tools/bin/../lib/gcc/arm-none-eabi/12.3.1/thumb/v7e-m+fp/hard/crtbegin.o
LOAD C:/ST/STM32CubeIDE_1.16.1/STM32CubeIDE/plugins/com.st.stm32cube.ide.mcu.externaltools.gnu-tools-for-stm32.12.3.rel1.win32_1.0.200.202406191623/tools/bin/../lib/gcc/arm-none-eabi/12.3.1/../../../../arm-none-eabi/lib/thumb/v7e-m+fp/hard/crt0.o
LOAD ./Core/Src/HX711.o
LOAD ./Core/Src/MAX6675.o
LOAD ./Core/Src/command.o
LOAD ./Core/Src/delay_us.o
LOAD ./Core/Src/eeprom.o
LOAD ./Core/Src/main.o
LOAD ./Core/Src/mosfet.o
LOAD ./Core/Src/stepper.o
LOAD ./Core/Src/stm32f4xx_hal_msp.o
LOAD ./Core/Src/stm32f4xx_it.o
LOAD ./Core/Src/syscalls.o
LOAD ./Core/Src/sysmem.o
LOAD ./Core/Src/system_stm32f4xx.o
LOAD ./Core/Startup/startup_stm32f407vgtx.o
LOAD ./Drivers/STM32F4xx_HAL_Driver/Src/stm32f4xx_hal.o
LOAD ./Drivers/STM32F4xx_HAL_Driver/Src/stm32f4xx_hal_cortex.o
LOAD ./Drivers/STM32F4xx_HAL_Driver/Src/stm32f4xx_hal_dma.o
LOAD ./Drivers/STM32F4xx_HAL_Driver/Src/stm32f4xx_hal_dma_ex.o
LOAD ./Drivers/STM32F4xx_HAL_Driver/Src/stm32f4xx_hal_exti.o
LOAD ./Drivers/STM32F4xx_HAL_Driver/Src/stm32f4xx_hal_flash.o
LOAD ./Drivers/STM32F4xx_HAL_Driver/Src/stm32f4xx_hal_flash_ex.o
LOAD ./Drivers/STM32F4xx_HAL_Driver/Src/stm32f4xx_hal_flash_ramfunc.o
LOAD ./Drivers/STM32F4xx_HAL_Driver/Src/stm32f4xx_hal_gpio.o
LOAD ./Drivers/STM32F4xx_HAL_Driver/Src/stm32f4xx_hal_i2c.o
LOAD ./Drivers/STM32F4xx_HAL_Driver/Src/stm32f4xx_hal_i2c_ex.o
LOAD ./Drivers/STM32F4xx_HAL_Driver/Src/stm32f4xx_hal_pcd.o
LOAD ./Drivers/STM32F4xx_HAL_Driver/Src/stm32f4xx_hal_pcd_ex.o
LOAD ./Drivers/STM32F4xx_HAL_Driver/Src/stm32f4xx_hal_pwr.o
LOAD ./Drivers/STM32F4xx_HAL_Driver/Src/stm32f4xx_hal_pwr_ex.o
LOAD ./Drivers/STM32F4xx_HAL_Driver/Src/stm32f4xx_hal_rcc.o
LOAD ./Drivers/STM32F4xx_HAL_Driver/Src/stm32f4xx_hal_rcc_ex.o
LOAD ./Drivers/STM32F4xx_HAL_Driver/Src/stm32f4xx_hal_spi.o
LOAD ./Drivers/STM32F4xx_HAL_Driver/Src/stm32f4xx_hal_tim.o
LOAD ./Drivers/STM32F4xx_HAL_Driver/Src/stm32f4xx_hal_tim_ex.o
LOAD ./Drivers/STM32F4xx_HAL_Driver/Src/stm32f4xx_ll_usb.o
LOAD ./FATFS/App/fatfs.o
LOAD ./FATFS/Target/user_diskio.o
LOAD ./FATFS/Target/user_diskio_spi.o
LOAD ./Middlewares/ST/STM32_USB_Device_Library/Class/CDC/Src/usbd_cdc.o
LOAD ./Middlewares/ST/STM32_USB_Device_Library/Core/Src/usbd_core.o
LOAD ./Middlewares/ST/STM32_USB_Device_Library/Core/Src/usbd_ctlreq.o
LOAD ./Middlewares/ST/STM32_USB_Device_Library/Core/Src/usbd_ioreq.o
LOAD ./Middlewares/Third_Party/FatFs/src/diskio.o
LOAD ./Middlewares/Third_Party/FatFs/src/ff.o
LOAD ./Middlewares/Third_Party/FatFs/src/ff_gen_drv.o
LOAD ./Middlewares/Third_Party/FatFs/src/ff_unicode.o
LOAD ./Middlewares/Third_Party/FatFs/src/option/syscall.o
LOAD ./USB_DEVICE/App/usb_device.o
LOAD ./USB_DEVICE/App/usbd_cdc_if.o
LOAD ./USB_DEVICE/App/usbd_desc.o
LOAD ./USB_DEVICE/Target/usbd_conf.o
START GROUP
LOAD C:/ST/STM32CubeIDE_1.16.1/STM32CubeIDE/plugins/com.st.stm32cube.ide.mcu.externaltools.gnu-tools-for-stm32.12.3.rel1.win32_1.0.200.202406191623/tools/bin/../lib/gcc/arm-none-eabi/12.3.1/../../../../arm-none-eabi/lib/thumb/v7e-m+fp/hard\libc_nano.a
LOAD C:/ST/STM32CubeIDE_1.16.1/STM32CubeIDE/plugins/com.st.stm32cube.ide.mcu.externaltools.gnu-tools-for-stm32.12.3.rel1.win32_1.0.200.202406191623/tools/bin/../lib/gcc/arm-none-eabi/12.3.1/../../../../arm-none-eabi/lib/thumb/v7e-m+fp/hard\libm.a
END GROUP
START GROUP
LOAD C:/ST/STM32CubeIDE_1.16.1/STM32CubeIDE/plugins/com.st.stm32cube.ide.mcu.externaltools.gnu-tools-for-stm32.12.3.rel1.win32_1.0.200.202406191623/tools/bin/../lib/gcc/arm-none-eabi/12.3.1/thumb/v7e-m+fp/hard\libgcc.a
LOAD C:/ST/STM32CubeIDE_1.16.1/STM32CubeIDE/plugins/com.st.stm32cube.ide.mcu.externaltools.gnu-tools-for-stm32.12.3.rel1.win32_1.0.200.202406191623/tools/bin/../lib/gcc/arm-none-eabi/12.3.1/../../../../arm-none-eabi/lib/thumb/v7e-m+fp/hard\libc_nano.a
END GROUP
START GROUP
LOAD C:/ST/STM32CubeIDE_1.16.1/STM32CubeIDE/plugins/com.st.stm32cube.ide.mcu.externaltools.gnu-tools-for-stm32.12.3.rel1.win32_1.0.200.202406191623/tools/bin/../lib/gcc/arm-none-eabi/12.3.1/thumb/v7e-m+fp/hard\libgcc.a
LOAD C:/ST/STM32CubeIDE_1.16.1/STM32CubeIDE/plugins/com.st.stm32cube.ide.mcu.externaltools.gnu-tools-for-stm32.12.3.rel1.win32_1.0.200.202406191623/tools/bin/../lib/gcc/arm-none-eabi/12.3.1/../../../../arm-none-eabi/lib/thumb/v7e-m+fp/hard\libc_nano.a
LOAD C:/ST/STM32CubeIDE_1.16.1/STM32CubeIDE/plugins/com.st.stm32cube.ide.mcu.externaltools.gnu-tools-for-stm32.12.3.rel1.win32_1.0.200.202406191623/tools/bin/../lib/gcc/arm-none-eabi/12.3.1/../../../../arm-none-eabi/lib/thumb/v7e-m+fp/hard\libnosys.a
END GROUP
START GROUP
LOAD C:/ST/STM32CubeIDE_1.16.1/STM32CubeIDE/plugins/com.st.stm32cube.ide.mcu.externaltools.gnu-tools-for-stm32.12.3.rel1.win32_1.0.200.202406191623/tools/bin/../lib/gcc/arm-none-eabi/12.3.1/thumb/v7e-m+fp/hard\libgcc.a
LOAD C:/ST/STM32CubeIDE_1.16.1/STM32CubeIDE/plugins/com.st.stm32cube.ide.mcu.externaltools.gnu-tools-for-stm32.12.3.rel1.win32_1.0.200.202406191623/tools/bin/../lib/gcc/arm-none-eabi/12.3.1/../../../../arm-none-eabi/lib/thumb/v7e-m+fp/hard\libc_nano.a
LOAD C:/ST/STM32CubeIDE_1.16.1/STM32CubeIDE/plugins/com.st.stm32cube.ide.mcu.externaltools.gnu-tools-for-stm32.12.3.rel1.win32_1.0.200.202406191623/tools/bin/../lib/gcc/arm-none-eabi/12.3.1/../../../../arm-none-eabi/lib/thumb/v7e-m+fp/hard\libnosys.a
END GROUP
LOAD C:/ST/STM32CubeIDE_1.16.1/STM32CubeIDE/plugins/com.st.stm32cube.ide.mcu.externaltools.gnu-tools-for-stm32.12.3.rel1.win32_1.0.200.202406191623/tools/bin/../lib/gcc/arm-none-eabi/12.3.1/thumb/v7e-m+fp/hard/crtend.o
LOAD C:/ST/STM32CubeIDE_1.16.1/STM32CubeIDE/plugins/com.st.stm32cube.ide.mcu.externaltools.gnu-tools-for-stm32.12.3.rel1.win32_1.0.200.202406191623/tools/bin/../lib/gcc/arm-none-eabi/12.3.1/thumb/v7e-m+fp/hard/crtn.o
                0x20020000                        _estack = (ORIGIN (RAM) + LENGTH (RAM))
                0x00000200                        _Min_Heap_Size = 0x200
                0x00000400                        _Min_Stack_Size = 0x400

.isr_vector     0x08000000      0x188
                0x08000000                        . = ALIGN (0x4)
 *(.isr_vector)
 .isr_vector    0x08000000      0x188 ./Core/Startup/startup_stm32f407vgtx.o
                0x08000000                g_pfnVectors
                0x08000188                        . = ALIGN (0x4)

.text           0x08000190    0x14014
                0x08000190                        . = ALIGN (0x4)
 *(.text)
 .text          0x08000190       0x40 C:/ST/STM32CubeIDE_1.16.1/STM32CubeIDE/plugins/com.st.stm32cube.ide.mcu.externaltools.gnu-tools-for-stm32.12.3.rel1.win32_1.0.200.202406191623/tools/bin/../lib/gcc/arm-none-eabi/12.3.1/thumb/v7e-m+fp/hard/crtbegin.o
 .text          0x080001d0       0xa0 C:/ST/STM32CubeIDE_1.16.1/STM32CubeIDE/plugins/com.st.stm32cube.ide.mcu.externaltools.gnu-tools-for-stm32.12.3.rel1.win32_1.0.200.202406191623/tools/bin/../lib/gcc/arm-none-eabi/12.3.1/../../../../arm-none-eabi/lib/thumb/v7e-m+fp/hard\libc_nano.a(libc_a-memchr.o)
                0x080001d0                memchr
 .text          0x08000270       0x10 C:/ST/STM32CubeIDE_1.16.1/STM32CubeIDE/plugins/com.st.stm32cube.ide.mcu.externaltools.gnu-tools-for-stm32.12.3.rel1.win32_1.0.200.202406191623/tools/bin/../lib/gcc/arm-none-eabi/12.3.1/../../../../arm-none-eabi/lib/thumb/v7e-m+fp/hard\libc_nano.a(libc_a-strlen.o)
                0x08000270                strlen
 .text          0x08000280      0x378 C:/ST/STM32CubeIDE_1.16.1/STM32CubeIDE/plugins/com.st.stm32cube.ide.mcu.externaltools.gnu-tools-for-stm32.12.3.rel1.win32_1.0.200.202406191623/tools/bin/../lib/gcc/arm-none-eabi/12.3.1/thumb/v7e-m+fp/hard\libgcc.a(_arm_addsubdf3.o)
                0x08000280                __aeabi_drsub
                0x08000288                __aeabi_dsub
                0x08000288                __subdf3
                0x0800028c                __aeabi_dadd
                0x0800028c                __adddf3
                0x08000504                __floatunsidf
                0x08000504                __aeabi_ui2d
                0x08000524                __floatsidf
                0x08000524                __aeabi_i2d
                0x08000548                __aeabi_f2d
                0x08000548                __extendsfdf2
                0x0800058c                __floatundidf
                0x0800058c                __aeabi_ul2d
                0x0800059c                __floatdidf
                0x0800059c                __aeabi_l2d
 .text          0x080005f8      0x424 C:/ST/STM32CubeIDE_1.16.1/STM32CubeIDE/plugins/com.st.stm32cube.ide.mcu.externaltools.gnu-tools-for-stm32.12.3.rel1.win32_1.0.200.202406191623/tools/bin/../lib/gcc/arm-none-eabi/12.3.1/thumb/v7e-m+fp/hard\libgcc.a(_arm_muldivdf3.o)
                0x080005f8                __aeabi_dmul
                0x080005f8                __muldf3
                0x0800084c                __divdf3
                0x0800084c                __aeabi_ddiv
 .text          0x08000a1c      0x110 C:/ST/STM32CubeIDE_1.16.1/STM32CubeIDE/plugins/com.st.stm32cube.ide.mcu.externaltools.gnu-tools-for-stm32.12.3.rel1.win32_1.0.200.202406191623/tools/bin/../lib/gcc/arm-none-eabi/12.3.1/thumb/v7e-m+fp/hard\libgcc.a(_arm_cmpdf2.o)
                0x08000a1c                __gtdf2
                0x08000a1c                __gedf2
                0x08000a24                __ltdf2
                0x08000a24                __ledf2
                0x08000a2c                __nedf2
                0x08000a2c                __eqdf2
                0x08000a2c                __cmpdf2
                0x08000aa8                __aeabi_cdrcmple
                0x08000ab8                __aeabi_cdcmpeq
                0x08000ab8                __aeabi_cdcmple
                0x08000ac8                __aeabi_dcmpeq
                0x08000adc                __aeabi_dcmplt
                0x08000af0                __aeabi_dcmple
                0x08000b04                __aeabi_dcmpge
                0x08000b18                __aeabi_dcmpgt
 .text          0x08000b2c       0x2c C:/ST/STM32CubeIDE_1.16.1/STM32CubeIDE/plugins/com.st.stm32cube.ide.mcu.externaltools.gnu-tools-for-stm32.12.3.rel1.win32_1.0.200.202406191623/tools/bin/../lib/gcc/arm-none-eabi/12.3.1/thumb/v7e-m+fp/hard\libgcc.a(_arm_unorddf2.o)
                0x08000b2c                __unorddf2
                0x08000b2c                __aeabi_dcmpun
 .text          0x08000b58       0x50 C:/ST/STM32CubeIDE_1.16.1/STM32CubeIDE/plugins/com.st.stm32cube.ide.mcu.externaltools.gnu-tools-for-stm32.12.3.rel1.win32_1.0.200.202406191623/tools/bin/../lib/gcc/arm-none-eabi/12.3.1/thumb/v7e-m+fp/hard\libgcc.a(_arm_fixdfsi.o)
                0x08000b58                __aeabi_d2iz
                0x08000b58                __fixdfsi
 .text          0x08000ba8       0x40 C:/ST/STM32CubeIDE_1.16.1/STM32CubeIDE/plugins/com.st.stm32cube.ide.mcu.externaltools.gnu-tools-for-stm32.12.3.rel1.win32_1.0.200.202406191623/tools/bin/../lib/gcc/arm-none-eabi/12.3.1/thumb/v7e-m+fp/hard\libgcc.a(_arm_fixunsdfsi.o)
                0x08000ba8                __aeabi_d2uiz
                0x08000ba8                __fixunsdfsi
 .text          0x08000be8       0xa0 C:/ST/STM32CubeIDE_1.16.1/STM32CubeIDE/plugins/com.st.stm32cube.ide.mcu.externaltools.gnu-tools-for-stm32.12.3.rel1.win32_1.0.200.202406191623/tools/bin/../lib/gcc/arm-none-eabi/12.3.1/thumb/v7e-m+fp/hard\libgcc.a(_arm_truncdfsf2.o)
                0x08000be8                __truncdfsf2
                0x08000be8                __aeabi_d2f
 .text          0x08000c88       0x30 C:/ST/STM32CubeIDE_1.16.1/STM32CubeIDE/plugins/com.st.stm32cube.ide.mcu.externaltools.gnu-tools-for-stm32.12.3.rel1.win32_1.0.200.202406191623/tools/bin/../lib/gcc/arm-none-eabi/12.3.1/thumb/v7e-m+fp/hard\libgcc.a(_aeabi_uldivmod.o)
                0x08000c88                __aeabi_uldivmod
 .text          0x08000cb8       0x30 C:/ST/STM32CubeIDE_1.16.1/STM32CubeIDE/plugins/com.st.stm32cube.ide.mcu.externaltools.gnu-tools-for-stm32.12.3.rel1.win32_1.0.200.202406191623/tools/bin/../lib/gcc/arm-none-eabi/12.3.1/thumb/v7e-m+fp/hard\libgcc.a(_fixdfdi.o)
                0x08000cb8                __fixdfdi
                0x08000cb8                __aeabi_d2lz
 .text          0x08000ce8       0x3c C:/ST/STM32CubeIDE_1.16.1/STM32CubeIDE/plugins/com.st.stm32cube.ide.mcu.externaltools.gnu-tools-for-stm32.12.3.rel1.win32_1.0.200.202406191623/tools/bin/../lib/gcc/arm-none-eabi/12.3.1/thumb/v7e-m+fp/hard\libgcc.a(_fixunsdfdi.o)
                0x08000ce8                __fixunsdfdi
                0x08000ce8                __aeabi_d2ulz
 .text          0x08000d24      0x2bc C:/ST/STM32CubeIDE_1.16.1/STM32CubeIDE/plugins/com.st.stm32cube.ide.mcu.externaltools.gnu-tools-for-stm32.12.3.rel1.win32_1.0.200.202406191623/tools/bin/../lib/gcc/arm-none-eabi/12.3.1/thumb/v7e-m+fp/hard\libgcc.a(_udivmoddi4.o)
                0x08000d24                __udivmoddi4
 .text          0x08000fe0        0x4 C:/ST/STM32CubeIDE_1.16.1/STM32CubeIDE/plugins/com.st.stm32cube.ide.mcu.externaltools.gnu-tools-for-stm32.12.3.rel1.win32_1.0.200.202406191623/tools/bin/../lib/gcc/arm-none-eabi/12.3.1/thumb/v7e-m+fp/hard\libgcc.a(_dvmd_tls.o)
                0x08000fe0                __aeabi_idiv0
                0x08000fe0                __aeabi_ldiv0
 *(.text*)
 .text.microDelay
                0x08000fe4       0x34 ./Core/Src/HX711.o
                0x08000fe4                microDelay
 .text.getHX711
                0x08001018       0xc8 ./Core/Src/HX711.o
                0x08001018                getHX711
 .text.weigh    0x080010e0       0x94 ./Core/Src/HX711.o
                0x080010e0                weigh
 .text.delay_us_init
                0x08001174       0x48 ./Core/Src/delay_us.o
                0x08001174                delay_us_init
 .text.delay_us
                0x080011bc       0x3c ./Core/Src/delay_us.o
                0x080011bc                delay_us
 .text.main     0x080011f8       0x9c ./Core/Src/main.o
                0x080011f8                main
 .text.SystemClock_Config
                0x08001294       0xd4 ./Core/Src/main.o
                0x08001294                SystemClock_Config
 .text.MX_I2C2_Init
                0x08001368       0x5c ./Core/Src/main.o
 .text.MX_SPI1_Init
                0x080013c4       0x6c ./Core/Src/main.o
 .text.MX_SPI2_Init
                0x08001430       0x70 ./Core/Src/main.o
 .text.MX_TIM1_Init
                0x080014a0       0xa0 ./Core/Src/main.o
 .text.MX_TIM2_Init
                0x08001540       0x98 ./Core/Src/main.o
 .text.MX_TIM3_Init
                0x080015d8       0xec ./Core/Src/main.o
 .text.MX_TIM4_Init
                0x080016c4      0x104 ./Core/Src/main.o
 .text.MX_TIM5_Init
                0x080017c8       0x9c ./Core/Src/main.o
 .text.MX_DMA_Init
                0x08001864       0x40 ./Core/Src/main.o
 .text.MX_GPIO_Init
                0x080018a4      0x24c ./Core/Src/main.o
 .text.Home     0x08001af0      0x13c ./Core/Src/main.o
                0x08001af0                Home
 .text.Task_Once_StorageInit
                0x08001c2c       0x6c ./Core/Src/main.o
 .text.Task_ReadSD
                0x08001c98      0x248 ./Core/Src/main.o
 .text.USB_Printf
                0x08001ee0       0x54 ./Core/Src/main.o
 .text.Task_StreamUSB
                0x08001f34       0x6c ./Core/Src/main.o
 .text.Task_UpdatePWMs
                0x08001fa0       0xe8 ./Core/Src/main.o
 .text.SystemTasks
                0x08002088       0x18 ./Core/Src/main.o
                0x08002088                SystemTasks
 .text.Error_Handler
                0x080020a0        0xc ./Core/Src/main.o
                0x080020a0                Error_Handler
 .text.pwm_write
                0x080020ac       0xb4 ./Core/Src/mosfet.o
 .text.Mosfet_Init
                0x08002160       0x7c ./Core/Src/mosfet.o
                0x08002160                Mosfet_Init
 .text.Mosfet_SetDuty
                0x080021dc       0x94 ./Core/Src/mosfet.o
                0x080021dc                Mosfet_SetDuty
 .text.u32rf    0x08002270       0x2a ./Core/Src/stepper.o
 *fill*         0x0800229a        0x2 
 .text.enable_driver_and_microstep
                0x0800229c       0x54 ./Core/Src/stepper.o
 .text.dir_level
                0x080022f0       0x46 ./Core/Src/stepper.o
 *fill*         0x08002336        0x2 
 .text.set_dirs
                0x08002338       0x94 ./Core/Src/stepper.o
 .text.arm_timer_period_us
                0x080023cc       0x3c ./Core/Src/stepper.o
 .text.build_plan
                0x08002408      0x33c ./Core/Src/stepper.o
 .text.load_next_plan
                0x08002744      0x154 ./Core/Src/stepper.o
 .text.Stepper_Init_TIM1
                0x08002898       0x30 ./Core/Src/stepper.o
                0x08002898                Stepper_Init_TIM1
 .text.Stepper_ResetPosition
                0x080028c8       0x54 ./Core/Src/stepper.o
                0x080028c8                Stepper_ResetPosition
 .text.qpush    0x0800291c       0xb0 ./Core/Src/stepper.o
 .text.Stepper_QueueAbs
                0x080029cc       0x3e ./Core/Src/stepper.o
                0x080029cc                Stepper_QueueAbs
 .text.Stepper_QueueRel
                0x08002a0a       0x3e ./Core/Src/stepper.o
                0x08002a0a                Stepper_QueueRel
 .text.HAL_TIM_PeriodElapsedCallback
                0x08002a48      0x210 ./Core/Src/stepper.o
                0x08002a48                HAL_TIM_PeriodElapsedCallback
 .text.HAL_MspInit
                0x08002c58       0x50 ./Core/Src/stm32f4xx_hal_msp.o
                0x08002c58                HAL_MspInit
 .text.HAL_I2C_MspInit
                0x08002ca8       0x90 ./Core/Src/stm32f4xx_hal_msp.o
                0x08002ca8                HAL_I2C_MspInit
 .text.HAL_SPI_MspInit
                0x08002d38      0x160 ./Core/Src/stm32f4xx_hal_msp.o
                0x08002d38                HAL_SPI_MspInit
 .text.HAL_TIM_Base_MspInit
                0x08002e98       0xfc ./Core/Src/stm32f4xx_hal_msp.o
                0x08002e98                HAL_TIM_Base_MspInit
 .text.HAL_TIM_MspPostInit
                0x08002f94       0xc0 ./Core/Src/stm32f4xx_hal_msp.o
                0x08002f94                HAL_TIM_MspPostInit
 .text.NMI_Handler
                0x08003054        0x8 ./Core/Src/stm32f4xx_it.o
                0x08003054                NMI_Handler
 .text.HardFault_Handler
                0x0800305c        0x8 ./Core/Src/stm32f4xx_it.o
                0x0800305c                HardFault_Handler
 .text.MemManage_Handler
                0x08003064        0x8 ./Core/Src/stm32f4xx_it.o
                0x08003064                MemManage_Handler
 .text.BusFault_Handler
                0x0800306c        0x8 ./Core/Src/stm32f4xx_it.o
                0x0800306c                BusFault_Handler
 .text.UsageFault_Handler
                0x08003074        0x8 ./Core/Src/stm32f4xx_it.o
                0x08003074                UsageFault_Handler
 .text.SVC_Handler
                0x0800307c        0xe ./Core/Src/stm32f4xx_it.o
                0x0800307c                SVC_Handler
 .text.DebugMon_Handler
                0x0800308a        0xe ./Core/Src/stm32f4xx_it.o
                0x0800308a                DebugMon_Handler
 .text.PendSV_Handler
                0x08003098        0xe ./Core/Src/stm32f4xx_it.o
                0x08003098                PendSV_Handler
 .text.SysTick_Handler
                0x080030a6        0xc ./Core/Src/stm32f4xx_it.o
                0x080030a6                SysTick_Handler
 *fill*         0x080030b2        0x2 
 .text.DMA1_Stream3_IRQHandler
                0x080030b4       0x14 ./Core/Src/stm32f4xx_it.o
                0x080030b4                DMA1_Stream3_IRQHandler
 .text.TIM1_UP_TIM10_IRQHandler
                0x080030c8       0x14 ./Core/Src/stm32f4xx_it.o
                0x080030c8                TIM1_UP_TIM10_IRQHandler
 .text.OTG_FS_IRQHandler
                0x080030dc       0x14 ./Core/Src/stm32f4xx_it.o
                0x080030dc                OTG_FS_IRQHandler
 .text._getpid  0x080030f0       0x10 ./Core/Src/syscalls.o
                0x080030f0                _getpid
 .text._kill    0x08003100       0x20 ./Core/Src/syscalls.o
                0x08003100                _kill
 .text._exit    0x08003120       0x16 ./Core/Src/syscalls.o
                0x08003120                _exit
 .text._read    0x08003136       0x3a ./Core/Src/syscalls.o
                0x08003136                _read
 .text._write   0x08003170       0x38 ./Core/Src/syscalls.o
                0x08003170                _write
 .text._close   0x080031a8       0x18 ./Core/Src/syscalls.o
                0x080031a8                _close
 .text._fstat   0x080031c0       0x20 ./Core/Src/syscalls.o
                0x080031c0                _fstat
 .text._isatty  0x080031e0       0x16 ./Core/Src/syscalls.o
                0x080031e0                _isatty
 .text._lseek   0x080031f6       0x1a ./Core/Src/syscalls.o
                0x080031f6                _lseek
 .text._sbrk    0x08003210       0x6c ./Core/Src/sysmem.o
                0x08003210                _sbrk
 .text.SystemInit
                0x0800327c       0x24 ./Core/Src/system_stm32f4xx.o
                0x0800327c                SystemInit
 .text.Reset_Handler
                0x080032a0       0x50 ./Core/Startup/startup_stm32f407vgtx.o
                0x080032a0                Reset_Handler
 .text.Default_Handler
                0x080032f0        0x2 ./Core/Startup/startup_stm32f407vgtx.o
                0x080032f0                RTC_Alarm_IRQHandler
                0x080032f0                HASH_RNG_IRQHandler
                0x080032f0                EXTI2_IRQHandler
                0x080032f0                TIM8_CC_IRQHandler
                0x080032f0                TIM1_CC_IRQHandler
                0x080032f0                DMA2_Stream5_IRQHandler
                0x080032f0                DMA1_Stream5_IRQHandler
                0x080032f0                PVD_IRQHandler
                0x080032f0                SDIO_IRQHandler
                0x080032f0                TAMP_STAMP_IRQHandler
                0x080032f0                CAN2_RX1_IRQHandler
                0x080032f0                EXTI3_IRQHandler
                0x080032f0                TIM8_TRG_COM_TIM14_IRQHandler
                0x080032f0                TIM8_UP_TIM13_IRQHandler
                0x080032f0                I2C3_ER_IRQHandler
                0x080032f0                EXTI0_IRQHandler
                0x080032f0                I2C2_EV_IRQHandler
                0x080032f0                DMA1_Stream2_IRQHandler
                0x080032f0                CAN1_RX0_IRQHandler
                0x080032f0                FPU_IRQHandler
                0x080032f0                OTG_HS_WKUP_IRQHandler
                0x080032f0                CAN2_SCE_IRQHandler
                0x080032f0                DMA2_Stream2_IRQHandler
                0x080032f0                SPI1_IRQHandler
                0x080032f0                TIM6_DAC_IRQHandler
                0x080032f0                TIM1_BRK_TIM9_IRQHandler
                0x080032f0                DCMI_IRQHandler
                0x080032f0                CAN2_RX0_IRQHandler
                0x080032f0                DMA2_Stream3_IRQHandler
                0x080032f0                USART6_IRQHandler
                0x080032f0                USART3_IRQHandler
                0x080032f0                CAN1_RX1_IRQHandler
                0x080032f0                UART5_IRQHandler
                0x080032f0                DMA2_Stream0_IRQHandler
                0x080032f0                TIM4_IRQHandler
                0x080032f0                I2C1_EV_IRQHandler
                0x080032f0                DMA1_Stream6_IRQHandler
                0x080032f0                DMA1_Stream1_IRQHandler
                0x080032f0                UART4_IRQHandler
                0x080032f0                TIM3_IRQHandler
                0x080032f0                RCC_IRQHandler
                0x080032f0                TIM8_BRK_TIM12_IRQHandler
                0x080032f0                Default_Handler
                0x080032f0                EXTI15_10_IRQHandler
                0x080032f0                ADC_IRQHandler
                0x080032f0                DMA1_Stream7_IRQHandler
                0x080032f0                TIM7_IRQHandler
                0x080032f0                CAN2_TX_IRQHandler
                0x080032f0                TIM5_IRQHandler
                0x080032f0                DMA2_Stream7_IRQHandler
                0x080032f0                I2C3_EV_IRQHandler
                0x080032f0                EXTI9_5_IRQHandler
                0x080032f0                RTC_WKUP_IRQHandler
                0x080032f0                ETH_WKUP_IRQHandler
                0x080032f0                SPI2_IRQHandler
                0x080032f0                OTG_HS_EP1_IN_IRQHandler
                0x080032f0                DMA1_Stream0_IRQHandler
                0x080032f0                CAN1_TX_IRQHandler
                0x080032f0                EXTI4_IRQHandler
                0x080032f0                FSMC_IRQHandler
                0x080032f0                ETH_IRQHandler
                0x080032f0                OTG_HS_EP1_OUT_IRQHandler
                0x080032f0                WWDG_IRQHandler
                0x080032f0                TIM2_IRQHandler
                0x080032f0                OTG_FS_WKUP_IRQHandler
                0x080032f0                TIM1_TRG_COM_TIM11_IRQHandler
                0x080032f0                OTG_HS_IRQHandler
                0x080032f0                EXTI1_IRQHandler
                0x080032f0                USART2_IRQHandler
                0x080032f0                I2C2_ER_IRQHandler
                0x080032f0                DMA2_Stream1_IRQHandler
                0x080032f0                CAN1_SCE_IRQHandler
                0x080032f0                FLASH_IRQHandler
                0x080032f0                DMA2_Stream4_IRQHandler
                0x080032f0                USART1_IRQHandler
                0x080032f0                SPI3_IRQHandler
                0x080032f0                DMA1_Stream4_IRQHandler
                0x080032f0                I2C1_ER_IRQHandler
                0x080032f0                DMA2_Stream6_IRQHandler
 *fill*         0x080032f2        0x2 
 .text.HAL_Init
                0x080032f4       0x44 ./Drivers/STM32F4xx_HAL_Driver/Src/stm32f4xx_hal.o
                0x080032f4                HAL_Init
 .text.HAL_InitTick
                0x08003338       0x60 ./Drivers/STM32F4xx_HAL_Driver/Src/stm32f4xx_hal.o
                0x08003338                HAL_InitTick
 .text.HAL_IncTick
                0x08003398       0x28 ./Drivers/STM32F4xx_HAL_Driver/Src/stm32f4xx_hal.o
                0x08003398                HAL_IncTick
 .text.HAL_GetTick
                0x080033c0       0x18 ./Drivers/STM32F4xx_HAL_Driver/Src/stm32f4xx_hal.o
                0x080033c0                HAL_GetTick
 .text.HAL_Delay
                0x080033d8       0x48 ./Drivers/STM32F4xx_HAL_Driver/Src/stm32f4xx_hal.o
                0x080033d8                HAL_Delay
 .text.__NVIC_SetPriorityGrouping
                0x08003420       0x48 ./Drivers/STM32F4xx_HAL_Driver/Src/stm32f4xx_hal_cortex.o
 .text.__NVIC_GetPriorityGrouping
                0x08003468       0x1c ./Drivers/STM32F4xx_HAL_Driver/Src/stm32f4xx_hal_cortex.o
 .text.__NVIC_EnableIRQ
                0x08003484       0x3c ./Drivers/STM32F4xx_HAL_Driver/Src/stm32f4xx_hal_cortex.o
 .text.__NVIC_SetPriority
                0x080034c0       0x54 ./Drivers/STM32F4xx_HAL_Driver/Src/stm32f4xx_hal_cortex.o
 .text.NVIC_EncodePriority
                0x08003514       0x66 ./Drivers/STM32F4xx_HAL_Driver/Src/stm32f4xx_hal_cortex.o
 *fill*         0x0800357a        0x2 
 .text.SysTick_Config
                0x0800357c       0x44 ./Drivers/STM32F4xx_HAL_Driver/Src/stm32f4xx_hal_cortex.o
 .text.HAL_NVIC_SetPriorityGrouping
                0x080035c0       0x16 ./Drivers/STM32F4xx_HAL_Driver/Src/stm32f4xx_hal_cortex.o
                0x080035c0                HAL_NVIC_SetPriorityGrouping
 .text.HAL_NVIC_SetPriority
                0x080035d6       0x38 ./Drivers/STM32F4xx_HAL_Driver/Src/stm32f4xx_hal_cortex.o
                0x080035d6                HAL_NVIC_SetPriority
 .text.HAL_NVIC_EnableIRQ
                0x0800360e       0x1c ./Drivers/STM32F4xx_HAL_Driver/Src/stm32f4xx_hal_cortex.o
                0x0800360e                HAL_NVIC_EnableIRQ
 .text.HAL_SYSTICK_Config
                0x0800362a       0x18 ./Drivers/STM32F4xx_HAL_Driver/Src/stm32f4xx_hal_cortex.o
                0x0800362a                HAL_SYSTICK_Config
 *fill*         0x08003642        0x2 
 .text.HAL_DMA_Init
                0x08003644      0x15c ./Drivers/STM32F4xx_HAL_Driver/Src/stm32f4xx_hal_dma.o
                0x08003644                HAL_DMA_Init
 .text.HAL_DMA_IRQHandler
                0x080037a0      0x314 ./Drivers/STM32F4xx_HAL_Driver/Src/stm32f4xx_hal_dma.o
                0x080037a0                HAL_DMA_IRQHandler
 .text.DMA_CalcBaseAndBitshift
                0x08003ab4       0x6c ./Drivers/STM32F4xx_HAL_Driver/Src/stm32f4xx_hal_dma.o
 .text.DMA_CheckFifoParam
                0x08003b20       0xf8 ./Drivers/STM32F4xx_HAL_Driver/Src/stm32f4xx_hal_dma.o
 .text.HAL_GPIO_Init
                0x08003c18      0x338 ./Drivers/STM32F4xx_HAL_Driver/Src/stm32f4xx_hal_gpio.o
                0x08003c18                HAL_GPIO_Init
 .text.HAL_GPIO_ReadPin
                0x08003f50       0x30 ./Drivers/STM32F4xx_HAL_Driver/Src/stm32f4xx_hal_gpio.o
                0x08003f50                HAL_GPIO_ReadPin
 .text.HAL_GPIO_WritePin
                0x08003f80       0x32 ./Drivers/STM32F4xx_HAL_Driver/Src/stm32f4xx_hal_gpio.o
                0x08003f80                HAL_GPIO_WritePin
 *fill*         0x08003fb2        0x2 
 .text.HAL_I2C_Init
                0x08003fb4      0x288 ./Drivers/STM32F4xx_HAL_Driver/Src/stm32f4xx_hal_i2c.o
                0x08003fb4                HAL_I2C_Init
 .text.HAL_PCD_Init
                0x0800423c      0x21e ./Drivers/STM32F4xx_HAL_Driver/Src/stm32f4xx_hal_pcd.o
                0x0800423c                HAL_PCD_Init
 .text.HAL_PCD_Start
                0x0800445a       0x6a ./Drivers/STM32F4xx_HAL_Driver/Src/stm32f4xx_hal_pcd.o
                0x0800445a                HAL_PCD_Start
 .text.HAL_PCD_IRQHandler
                0x080044c4      0x942 ./Drivers/STM32F4xx_HAL_Driver/Src/stm32f4xx_hal_pcd.o
                0x080044c4                HAL_PCD_IRQHandler
 .text.HAL_PCD_SetAddress
                0x08004e06       0x48 ./Drivers/STM32F4xx_HAL_Driver/Src/stm32f4xx_hal_pcd.o
                0x08004e06                HAL_PCD_SetAddress
 .text.HAL_PCD_EP_Open
                0x08004e4e       0xd4 ./Drivers/STM32F4xx_HAL_Driver/Src/stm32f4xx_hal_pcd.o
                0x08004e4e                HAL_PCD_EP_Open
 .text.HAL_PCD_EP_Close
                0x08004f22       0x94 ./Drivers/STM32F4xx_HAL_Driver/Src/stm32f4xx_hal_pcd.o
                0x08004f22                HAL_PCD_EP_Close
 .text.HAL_PCD_EP_Receive
                0x08004fb6       0x76 ./Drivers/STM32F4xx_HAL_Driver/Src/stm32f4xx_hal_pcd.o
                0x08004fb6                HAL_PCD_EP_Receive
 .text.HAL_PCD_EP_GetRxCount
                0x0800502c       0x30 ./Drivers/STM32F4xx_HAL_Driver/Src/stm32f4xx_hal_pcd.o
                0x0800502c                HAL_PCD_EP_GetRxCount
 .text.HAL_PCD_EP_Transmit
                0x0800505c       0x74 ./Drivers/STM32F4xx_HAL_Driver/Src/stm32f4xx_hal_pcd.o
                0x0800505c                HAL_PCD_EP_Transmit
 .text.HAL_PCD_EP_SetStall
                0x080050d0       0xc6 ./Drivers/STM32F4xx_HAL_Driver/Src/stm32f4xx_hal_pcd.o
                0x080050d0                HAL_PCD_EP_SetStall
 .text.HAL_PCD_EP_ClrStall
                0x08005196       0xac ./Drivers/STM32F4xx_HAL_Driver/Src/stm32f4xx_hal_pcd.o
                0x08005196                HAL_PCD_EP_ClrStall
 .text.HAL_PCD_EP_Abort
                0x08005242       0x62 ./Drivers/STM32F4xx_HAL_Driver/Src/stm32f4xx_hal_pcd.o
                0x08005242                HAL_PCD_EP_Abort
 .text.PCD_WriteEmptyTxFifo
                0x080052a4      0x118 ./Drivers/STM32F4xx_HAL_Driver/Src/stm32f4xx_hal_pcd.o
 .text.PCD_EP_OutXfrComplete_int
                0x080053bc      0x1d0 ./Drivers/STM32F4xx_HAL_Driver/Src/stm32f4xx_hal_pcd.o
 .text.PCD_EP_OutSetupPacket_int
                0x0800558c       0x8c ./Drivers/STM32F4xx_HAL_Driver/Src/stm32f4xx_hal_pcd.o
 .text.HAL_PCDEx_SetTxFiFo
                0x08005618       0x8e ./Drivers/STM32F4xx_HAL_Driver/Src/stm32f4xx_hal_pcd_ex.o
                0x08005618                HAL_PCDEx_SetTxFiFo
 .text.HAL_PCDEx_SetRxFiFo
                0x080056a6       0x22 ./Drivers/STM32F4xx_HAL_Driver/Src/stm32f4xx_hal_pcd_ex.o
                0x080056a6                HAL_PCDEx_SetRxFiFo
 .text.HAL_PCDEx_LPM_Callback
                0x080056c8       0x18 ./Drivers/STM32F4xx_HAL_Driver/Src/stm32f4xx_hal_pcd_ex.o
                0x080056c8                HAL_PCDEx_LPM_Callback
 .text.HAL_RCC_OscConfig
                0x080056e0      0x4f0 ./Drivers/STM32F4xx_HAL_Driver/Src/stm32f4xx_hal_rcc.o
                0x080056e0                HAL_RCC_OscConfig
 .text.HAL_RCC_ClockConfig
                0x08005bd0      0x1cc ./Drivers/STM32F4xx_HAL_Driver/Src/stm32f4xx_hal_rcc.o
                0x08005bd0                HAL_RCC_ClockConfig
 .text.HAL_RCC_GetSysClockFreq
                0x08005d9c      0x208 ./Drivers/STM32F4xx_HAL_Driver/Src/stm32f4xx_hal_rcc.o
                0x08005d9c                HAL_RCC_GetSysClockFreq
 .text.HAL_RCC_GetHCLKFreq
                0x08005fa4       0x18 ./Drivers/STM32F4xx_HAL_Driver/Src/stm32f4xx_hal_rcc.o
                0x08005fa4                HAL_RCC_GetHCLKFreq
 .text.HAL_RCC_GetPCLK1Freq
                0x08005fbc       0x28 ./Drivers/STM32F4xx_HAL_Driver/Src/stm32f4xx_hal_rcc.o
                0x08005fbc                HAL_RCC_GetPCLK1Freq
 .text.HAL_SPI_Init
                0x08005fe4      0x112 ./Drivers/STM32F4xx_HAL_Driver/Src/stm32f4xx_hal_spi.o
                0x08005fe4                HAL_SPI_Init
 .text.HAL_SPI_Transmit
                0x080060f6      0x288 ./Drivers/STM32F4xx_HAL_Driver/Src/stm32f4xx_hal_spi.o
                0x080060f6                HAL_SPI_Transmit
 .text.HAL_SPI_TransmitReceive
                0x0800637e      0x352 ./Drivers/STM32F4xx_HAL_Driver/Src/stm32f4xx_hal_spi.o
                0x0800637e                HAL_SPI_TransmitReceive
 .text.SPI_WaitFlagStateUntilTimeout
                0x080066d0      0x110 ./Drivers/STM32F4xx_HAL_Driver/Src/stm32f4xx_hal_spi.o
 .text.SPI_EndRxTxTransaction
                0x080067e0       0xa8 ./Drivers/STM32F4xx_HAL_Driver/Src/stm32f4xx_hal_spi.o
 .text.HAL_TIM_Base_Init
                0x08006888       0x9e ./Drivers/STM32F4xx_HAL_Driver/Src/stm32f4xx_hal_tim.o
                0x08006888                HAL_TIM_Base_Init
 *fill*         0x08006926        0x2 
 .text.HAL_TIM_Base_Start
                0x08006928       0xd0 ./Drivers/STM32F4xx_HAL_Driver/Src/stm32f4xx_hal_tim.o
                0x08006928                HAL_TIM_Base_Start
 .text.HAL_TIM_Base_Start_IT
                0x080069f8       0xe0 ./Drivers/STM32F4xx_HAL_Driver/Src/stm32f4xx_hal_tim.o
                0x080069f8                HAL_TIM_Base_Start_IT
 .text.HAL_TIM_PWM_Init
                0x08006ad8       0x9e ./Drivers/STM32F4xx_HAL_Driver/Src/stm32f4xx_hal_tim.o
                0x08006ad8                HAL_TIM_PWM_Init
 .text.HAL_TIM_PWM_MspInit
                0x08006b76       0x14 ./Drivers/STM32F4xx_HAL_Driver/Src/stm32f4xx_hal_tim.o
                0x08006b76                HAL_TIM_PWM_MspInit
 *fill*         0x08006b8a        0x2 
 .text.HAL_TIM_PWM_Start
                0x08006b8c      0x190 ./Drivers/STM32F4xx_HAL_Driver/Src/stm32f4xx_hal_tim.o
                0x08006b8c                HAL_TIM_PWM_Start
 .text.HAL_TIM_IRQHandler
                0x08006d1c      0x1e0 ./Drivers/STM32F4xx_HAL_Driver/Src/stm32f4xx_hal_tim.o
                0x08006d1c                HAL_TIM_IRQHandler
 .text.HAL_TIM_PWM_ConfigChannel
                0x08006efc      0x184 ./Drivers/STM32F4xx_HAL_Driver/Src/stm32f4xx_hal_tim.o
                0x08006efc                HAL_TIM_PWM_ConfigChannel
 .text.HAL_TIM_ConfigClockSource
                0x08007080      0x18e ./Drivers/STM32F4xx_HAL_Driver/Src/stm32f4xx_hal_tim.o
                0x08007080                HAL_TIM_ConfigClockSource
 .text.HAL_TIM_OC_DelayElapsedCallback
                0x0800720e       0x14 ./Drivers/STM32F4xx_HAL_Driver/Src/stm32f4xx_hal_tim.o
                0x0800720e                HAL_TIM_OC_DelayElapsedCallback
 .text.HAL_TIM_IC_CaptureCallback
                0x08007222       0x14 ./Drivers/STM32F4xx_HAL_Driver/Src/stm32f4xx_hal_tim.o
                0x08007222                HAL_TIM_IC_CaptureCallback
 .text.HAL_TIM_PWM_PulseFinishedCallback
                0x08007236       0x14 ./Drivers/STM32F4xx_HAL_Driver/Src/stm32f4xx_hal_tim.o
                0x08007236                HAL_TIM_PWM_PulseFinishedCallback
 .text.HAL_TIM_TriggerCallback
                0x0800724a       0x14 ./Drivers/STM32F4xx_HAL_Driver/Src/stm32f4xx_hal_tim.o
                0x0800724a                HAL_TIM_TriggerCallback
 *fill*         0x0800725e        0x2 
 .text.TIM_Base_SetConfig
                0x08007260      0x14c ./Drivers/STM32F4xx_HAL_Driver/Src/stm32f4xx_hal_tim.o
                0x08007260                TIM_Base_SetConfig
 .text.TIM_OC1_SetConfig
                0x080073ac       0xe0 ./Drivers/STM32F4xx_HAL_Driver/Src/stm32f4xx_hal_tim.o
 .text.TIM_OC2_SetConfig
                0x0800748c       0xec ./Drivers/STM32F4xx_HAL_Driver/Src/stm32f4xx_hal_tim.o
                0x0800748c                TIM_OC2_SetConfig
 .text.TIM_OC3_SetConfig
                0x08007578       0xe8 ./Drivers/STM32F4xx_HAL_Driver/Src/stm32f4xx_hal_tim.o
 .text.TIM_OC4_SetConfig
                0x08007660       0xac ./Drivers/STM32F4xx_HAL_Driver/Src/stm32f4xx_hal_tim.o
 .text.TIM_TI1_ConfigInputStage
                0x0800770c       0x5e ./Drivers/STM32F4xx_HAL_Driver/Src/stm32f4xx_hal_tim.o
 .text.TIM_TI2_ConfigInputStage
                0x0800776a       0x60 ./Drivers/STM32F4xx_HAL_Driver/Src/stm32f4xx_hal_tim.o
 .text.TIM_ITRx_SetConfig
                0x080077ca       0x36 ./Drivers/STM32F4xx_HAL_Driver/Src/stm32f4xx_hal_tim.o
 .text.TIM_ETR_SetConfig
                0x08007800       0x40 ./Drivers/STM32F4xx_HAL_Driver/Src/stm32f4xx_hal_tim.o
                0x08007800                TIM_ETR_SetConfig
 .text.TIM_CCxChannelCmd
                0x08007840       0x4a ./Drivers/STM32F4xx_HAL_Driver/Src/stm32f4xx_hal_tim.o
                0x08007840                TIM_CCxChannelCmd
 *fill*         0x0800788a        0x2 
 .text.HAL_TIMEx_MasterConfigSynchronization
                0x0800788c       0xf8 ./Drivers/STM32F4xx_HAL_Driver/Src/stm32f4xx_hal_tim_ex.o
                0x0800788c                HAL_TIMEx_MasterConfigSynchronization
 .text.HAL_TIMEx_CommutCallback
                0x08007984       0x14 ./Drivers/STM32F4xx_HAL_Driver/Src/stm32f4xx_hal_tim_ex.o
                0x08007984                HAL_TIMEx_CommutCallback
 .text.HAL_TIMEx_BreakCallback
                0x08007998       0x14 ./Drivers/STM32F4xx_HAL_Driver/Src/stm32f4xx_hal_tim_ex.o
                0x08007998                HAL_TIMEx_BreakCallback
 .text.USB_CoreInit
                0x080079ac       0xc8 ./Drivers/STM32F4xx_HAL_Driver/Src/stm32f4xx_ll_usb.o
                0x080079ac                USB_CoreInit
 .text.USB_SetTurnaroundTime
                0x08007a74      0x144 ./Drivers/STM32F4xx_HAL_Driver/Src/stm32f4xx_ll_usb.o
                0x08007a74                USB_SetTurnaroundTime
 .text.USB_EnableGlobalInt
                0x08007bb8       0x22 ./Drivers/STM32F4xx_HAL_Driver/Src/stm32f4xx_ll_usb.o
                0x08007bb8                USB_EnableGlobalInt
 .text.USB_DisableGlobalInt
                0x08007bda       0x22 ./Drivers/STM32F4xx_HAL_Driver/Src/stm32f4xx_ll_usb.o
                0x08007bda                USB_DisableGlobalInt
 .text.USB_SetCurrentMode
                0x08007bfc       0x98 ./Drivers/STM32F4xx_HAL_Driver/Src/stm32f4xx_ll_usb.o
                0x08007bfc                USB_SetCurrentMode
 .text.USB_DevInit
                0x08007c94      0x2c8 ./Drivers/STM32F4xx_HAL_Driver/Src/stm32f4xx_ll_usb.o
                0x08007c94                USB_DevInit
 .text.USB_FlushTxFifo
                0x08007f5c       0x64 ./Drivers/STM32F4xx_HAL_Driver/Src/stm32f4xx_ll_usb.o
                0x08007f5c                USB_FlushTxFifo
 .text.USB_FlushRxFifo
                0x08007fc0       0x5c ./Drivers/STM32F4xx_HAL_Driver/Src/stm32f4xx_ll_usb.o
                0x08007fc0                USB_FlushRxFifo
 .text.USB_SetDevSpeed
                0x0800801c       0x32 ./Drivers/STM32F4xx_HAL_Driver/Src/stm32f4xx_ll_usb.o
                0x0800801c                USB_SetDevSpeed
 .text.USB_GetDevSpeed
                0x0800804e       0x4a ./Drivers/STM32F4xx_HAL_Driver/Src/stm32f4xx_ll_usb.o
                0x0800804e                USB_GetDevSpeed
 .text.USB_ActivateEndpoint
                0x08008098      0x10e ./Drivers/STM32F4xx_HAL_Driver/Src/stm32f4xx_ll_usb.o
                0x08008098                USB_ActivateEndpoint
 *fill*         0x080081a6        0x2 
 .text.USB_DeactivateEndpoint
                0x080081a8      0x1b8 ./Drivers/STM32F4xx_HAL_Driver/Src/stm32f4xx_ll_usb.o
                0x080081a8                USB_DeactivateEndpoint
 .text.USB_EPStartXfer
                0x08008360      0x53c ./Drivers/STM32F4xx_HAL_Driver/Src/stm32f4xx_ll_usb.o
                0x08008360                USB_EPStartXfer
 .text.USB_EPStopXfer
                0x0800889c      0x154 ./Drivers/STM32F4xx_HAL_Driver/Src/stm32f4xx_ll_usb.o
                0x0800889c                USB_EPStopXfer
 .text.USB_WritePacket
                0x080089f0       0x7c ./Drivers/STM32F4xx_HAL_Driver/Src/stm32f4xx_ll_usb.o
                0x080089f0                USB_WritePacket
 .text.USB_ReadPacket
                0x08008a6c       0xb0 ./Drivers/STM32F4xx_HAL_Driver/Src/stm32f4xx_ll_usb.o
                0x08008a6c                USB_ReadPacket
 .text.USB_EPSetStall
                0x08008b1c       0xdc ./Drivers/STM32F4xx_HAL_Driver/Src/stm32f4xx_ll_usb.o
                0x08008b1c                USB_EPSetStall
 .text.USB_EPClearStall
                0x08008bf8       0xcc ./Drivers/STM32F4xx_HAL_Driver/Src/stm32f4xx_ll_usb.o
                0x08008bf8                USB_EPClearStall
 .text.USB_SetDevAddress
                0x08008cc4       0x4c ./Drivers/STM32F4xx_HAL_Driver/Src/stm32f4xx_ll_usb.o
                0x08008cc4                USB_SetDevAddress
 .text.USB_DevConnect
                0x08008d10       0x42 ./Drivers/STM32F4xx_HAL_Driver/Src/stm32f4xx_ll_usb.o
                0x08008d10                USB_DevConnect
 .text.USB_DevDisconnect
                0x08008d52       0x42 ./Drivers/STM32F4xx_HAL_Driver/Src/stm32f4xx_ll_usb.o
                0x08008d52                USB_DevDisconnect
 .text.USB_ReadInterrupts
                0x08008d94       0x26 ./Drivers/STM32F4xx_HAL_Driver/Src/stm32f4xx_ll_usb.o
                0x08008d94                USB_ReadInterrupts
 .text.USB_ReadDevAllOutEpInterrupt
                0x08008dba       0x34 ./Drivers/STM32F4xx_HAL_Driver/Src/stm32f4xx_ll_usb.o
                0x08008dba                USB_ReadDevAllOutEpInterrupt
 .text.USB_ReadDevAllInEpInterrupt
                0x08008dee       0x34 ./Drivers/STM32F4xx_HAL_Driver/Src/stm32f4xx_ll_usb.o
                0x08008dee                USB_ReadDevAllInEpInterrupt
 .text.USB_ReadDevOutEPInterrupt
                0x08008e22       0x3c ./Drivers/STM32F4xx_HAL_Driver/Src/stm32f4xx_ll_usb.o
                0x08008e22                USB_ReadDevOutEPInterrupt
 .text.USB_ReadDevInEPInterrupt
                0x08008e5e       0x5c ./Drivers/STM32F4xx_HAL_Driver/Src/stm32f4xx_ll_usb.o
                0x08008e5e                USB_ReadDevInEPInterrupt
 .text.USB_GetMode
                0x08008eba       0x1c ./Drivers/STM32F4xx_HAL_Driver/Src/stm32f4xx_ll_usb.o
                0x08008eba                USB_GetMode
 .text.USB_ActivateSetup
                0x08008ed6       0x46 ./Drivers/STM32F4xx_HAL_Driver/Src/stm32f4xx_ll_usb.o
                0x08008ed6                USB_ActivateSetup
 .text.USB_EP0_OutStart
                0x08008f1c       0xbc ./Drivers/STM32F4xx_HAL_Driver/Src/stm32f4xx_ll_usb.o
                0x08008f1c                USB_EP0_OutStart
 .text.USB_CoreReset
                0x08008fd8       0x70 ./Drivers/STM32F4xx_HAL_Driver/Src/stm32f4xx_ll_usb.o
 .text.MX_FATFS_Init
                0x08009048       0x24 ./FATFS/App/fatfs.o
                0x08009048                MX_FATFS_Init
 .text.get_fattime
                0x0800906c       0x10 ./FATFS/App/fatfs.o
                0x0800906c                get_fattime
 .text.USER_initialize
                0x0800907c       0x1e ./FATFS/Target/user_diskio.o
                0x0800907c                USER_initialize
 .text.USER_status
                0x0800909a       0x1e ./FATFS/Target/user_diskio.o
                0x0800909a                USER_status
 .text.USER_read
                0x080090b8       0x28 ./FATFS/Target/user_diskio.o
                0x080090b8                USER_read
 .text.USER_write
                0x080090e0       0x28 ./FATFS/Target/user_diskio.o
                0x080090e0                USER_write
 .text.USER_ioctl
                0x08009108       0x28 ./FATFS/Target/user_diskio.o
                0x08009108                USER_ioctl
 .text.SPI_Timer_On
                0x08009130       0x28 ./FATFS/Target/user_diskio_spi.o
                0x08009130                SPI_Timer_On
 .text.SPI_Timer_Status
                0x08009158       0x2c ./FATFS/Target/user_diskio_spi.o
                0x08009158                SPI_Timer_Status
 .text.xchg_spi
                0x08009184       0x2c ./FATFS/Target/user_diskio_spi.o
 .text.rcvr_spi_multi
                0x080091b0       0x38 ./FATFS/Target/user_diskio_spi.o
 .text.xmit_spi_multi
                0x080091e8       0x28 ./FATFS/Target/user_diskio_spi.o
 .text.wait_ready
                0x08009210       0x46 ./FATFS/Target/user_diskio_spi.o
 *fill*         0x08009256        0x2 
 .text.despiselect
                0x08009258       0x1c ./FATFS/Target/user_diskio_spi.o
 .text.spiselect
                0x08009274       0x34 ./FATFS/Target/user_diskio_spi.o
 .text.rcvr_datablock
                0x080092a8       0x52 ./FATFS/Target/user_diskio_spi.o
 .text.xmit_datablock
                0x080092fa       0x64 ./FATFS/Target/user_diskio_spi.o
 .text.send_cmd
                0x0800935e       0xde ./FATFS/Target/user_diskio_spi.o
 .text.USER_SPI_initialize
                0x0800943c      0x1d8 ./FATFS/Target/user_diskio_spi.o
                0x0800943c                USER_SPI_initialize
 .text.USER_SPI_status
                0x08009614       0x2c ./FATFS/Target/user_diskio_spi.o
                0x08009614                USER_SPI_status
 .text.USER_SPI_read
                0x08009640       0xcc ./FATFS/Target/user_diskio_spi.o
                0x08009640                USER_SPI_read
 .text.USER_SPI_write
                0x0800970c       0xf8 ./FATFS/Target/user_diskio_spi.o
                0x0800970c                USER_SPI_write
 .text.USER_SPI_ioctl
                0x08009804      0x2e0 ./FATFS/Target/user_diskio_spi.o
                0x08009804                USER_SPI_ioctl
 .text.USBD_CDC_Init
                0x08009ae4      0x1f0 ./Middlewares/ST/STM32_USB_Device_Library/Class/CDC/Src/usbd_cdc.o
 .text.USBD_CDC_DeInit
                0x08009cd4      0x104 ./Middlewares/ST/STM32_USB_Device_Library/Class/CDC/Src/usbd_cdc.o
 .text.USBD_CDC_Setup
                0x08009dd8      0x1b8 ./Middlewares/ST/STM32_USB_Device_Library/Class/CDC/Src/usbd_cdc.o
 .text.USBD_CDC_DataIn
                0x08009f90       0xfe ./Middlewares/ST/STM32_USB_Device_Library/Class/CDC/Src/usbd_cdc.o
 .text.USBD_CDC_DataOut
                0x0800a08e       0x70 ./Middlewares/ST/STM32_USB_Device_Library/Class/CDC/Src/usbd_cdc.o
 .text.USBD_CDC_EP0_RxReady
                0x0800a0fe       0x74 ./Middlewares/ST/STM32_USB_Device_Library/Class/CDC/Src/usbd_cdc.o
 *fill*         0x0800a172        0x2 
 .text.USBD_CDC_GetFSCfgDesc
                0x0800a174       0x70 ./Middlewares/ST/STM32_USB_Device_Library/Class/CDC/Src/usbd_cdc.o
 .text.USBD_CDC_GetHSCfgDesc
                0x0800a1e4       0x70 ./Middlewares/ST/STM32_USB_Device_Library/Class/CDC/Src/usbd_cdc.o
 .text.USBD_CDC_GetOtherSpeedCfgDesc
                0x0800a254       0x70 ./Middlewares/ST/STM32_USB_Device_Library/Class/CDC/Src/usbd_cdc.o
 .text.USBD_CDC_GetDeviceQualifierDescriptor
                0x0800a2c4       0x20 ./Middlewares/ST/STM32_USB_Device_Library/Class/CDC/Src/usbd_cdc.o
                0x0800a2c4                USBD_CDC_GetDeviceQualifierDescriptor
 .text.USBD_CDC_RegisterInterface
                0x0800a2e4       0x34 ./Middlewares/ST/STM32_USB_Device_Library/Class/CDC/Src/usbd_cdc.o
                0x0800a2e4                USBD_CDC_RegisterInterface
 .text.USBD_CDC_SetTxBuffer
                0x0800a318       0x44 ./Middlewares/ST/STM32_USB_Device_Library/Class/CDC/Src/usbd_cdc.o
                0x0800a318                USBD_CDC_SetTxBuffer
 .text.USBD_CDC_SetRxBuffer
                0x0800a35c       0x3a ./Middlewares/ST/STM32_USB_Device_Library/Class/CDC/Src/usbd_cdc.o
                0x0800a35c                USBD_CDC_SetRxBuffer
 *fill*         0x0800a396        0x2 
 .text.USBD_CDC_TransmitPacket
                0x0800a398       0x80 ./Middlewares/ST/STM32_USB_Device_Library/Class/CDC/Src/usbd_cdc.o
                0x0800a398                USBD_CDC_TransmitPacket
 .text.USBD_CDC_ReceivePacket
                0x0800a418       0x6c ./Middlewares/ST/STM32_USB_Device_Library/Class/CDC/Src/usbd_cdc.o
                0x0800a418                USBD_CDC_ReceivePacket
 .text.USBD_Init
                0x0800a484       0x60 ./Middlewares/ST/STM32_USB_Device_Library/Core/Src/usbd_core.o
                0x0800a484                USBD_Init
 .text.USBD_RegisterClass
                0x0800a4e4       0x6c ./Middlewares/ST/STM32_USB_Device_Library/Core/Src/usbd_core.o
                0x0800a4e4                USBD_RegisterClass
 .text.USBD_Start
                0x0800a550       0x18 ./Middlewares/ST/STM32_USB_Device_Library/Core/Src/usbd_core.o
                0x0800a550                USBD_Start
 .text.USBD_RunTestMode
                0x0800a568       0x16 ./Middlewares/ST/STM32_USB_Device_Library/Core/Src/usbd_core.o
                0x0800a568                USBD_RunTestMode
 .text.USBD_SetClassConfig
                0x0800a57e       0x38 ./Middlewares/ST/STM32_USB_Device_Library/Core/Src/usbd_core.o
                0x0800a57e                USBD_SetClassConfig
 .text.USBD_ClrClassConfig
                0x0800a5b6       0x34 ./Middlewares/ST/STM32_USB_Device_Library/Core/Src/usbd_core.o
                0x0800a5b6                USBD_ClrClassConfig
 .text.USBD_LL_SetupStage
                0x0800a5ea       0xaa ./Middlewares/ST/STM32_USB_Device_Library/Core/Src/usbd_core.o
                0x0800a5ea                USBD_LL_SetupStage
 .text.USBD_LL_DataOutStage
                0x0800a694      0x178 ./Middlewares/ST/STM32_USB_Device_Library/Core/Src/usbd_core.o
                0x0800a694                USBD_LL_DataOutStage
 .text.USBD_LL_DataInStage
                0x0800a80c      0x176 ./Middlewares/ST/STM32_USB_Device_Library/Core/Src/usbd_core.o
                0x0800a80c                USBD_LL_DataInStage
 .text.USBD_LL_Reset
                0x0800a982       0xa6 ./Middlewares/ST/STM32_USB_Device_Library/Core/Src/usbd_core.o
                0x0800a982                USBD_LL_Reset
 .text.USBD_LL_SetSpeed
                0x0800aa28       0x20 ./Middlewares/ST/STM32_USB_Device_Library/Core/Src/usbd_core.o
                0x0800aa28                USBD_LL_SetSpeed
 .text.USBD_LL_Suspend
                0x0800aa48       0x38 ./Middlewares/ST/STM32_USB_Device_Library/Core/Src/usbd_core.o
                0x0800aa48                USBD_LL_Suspend
 .text.USBD_LL_Resume
                0x0800aa80       0x30 ./Middlewares/ST/STM32_USB_Device_Library/Core/Src/usbd_core.o
                0x0800aa80                USBD_LL_Resume
 .text.USBD_LL_SOF
                0x0800aab0       0x40 ./Middlewares/ST/STM32_USB_Device_Library/Core/Src/usbd_core.o
                0x0800aab0                USBD_LL_SOF
 .text.USBD_LL_IsoINIncomplete
                0x0800aaf0       0x64 ./Middlewares/ST/STM32_USB_Device_Library/Core/Src/usbd_core.o
                0x0800aaf0                USBD_LL_IsoINIncomplete
 .text.USBD_LL_IsoOUTIncomplete
                0x0800ab54       0x64 ./Middlewares/ST/STM32_USB_Device_Library/Core/Src/usbd_core.o
                0x0800ab54                USBD_LL_IsoOUTIncomplete
 .text.USBD_LL_DevConnected
                0x0800abb8       0x16 ./Middlewares/ST/STM32_USB_Device_Library/Core/Src/usbd_core.o
                0x0800abb8                USBD_LL_DevConnected
 .text.USBD_LL_DevDisconnected
                0x0800abce       0x46 ./Middlewares/ST/STM32_USB_Device_Library/Core/Src/usbd_core.o
                0x0800abce                USBD_LL_DevDisconnected
 .text.USBD_CoreFindIF
                0x0800ac14       0x1a ./Middlewares/ST/STM32_USB_Device_Library/Core/Src/usbd_core.o
                0x0800ac14                USBD_CoreFindIF
 .text.USBD_CoreFindEP
                0x0800ac2e       0x1a ./Middlewares/ST/STM32_USB_Device_Library/Core/Src/usbd_core.o
                0x0800ac2e                USBD_CoreFindEP
 .text.USBD_GetEpDesc
                0x0800ac48       0x70 ./Middlewares/ST/STM32_USB_Device_Library/Core/Src/usbd_core.o
                0x0800ac48                USBD_GetEpDesc
 .text.USBD_GetNextDesc
                0x0800acb8       0x38 ./Middlewares/ST/STM32_USB_Device_Library/Core/Src/usbd_core.o
                0x0800acb8                USBD_GetNextDesc
 .text.SWAPBYTE
                0x0800acf0       0x3c ./Middlewares/ST/STM32_USB_Device_Library/Core/Src/usbd_ctlreq.o
 .text.USBD_StdDevReq
                0x0800ad2c       0xe4 ./Middlewares/ST/STM32_USB_Device_Library/Core/Src/usbd_ctlreq.o
                0x0800ad2c                USBD_StdDevReq
 .text.USBD_StdItfReq
                0x0800ae10       0xd8 ./Middlewares/ST/STM32_USB_Device_Library/Core/Src/usbd_ctlreq.o
                0x0800ae10                USBD_StdItfReq
 .text.USBD_StdEPReq
                0x0800aee8      0x33e ./Middlewares/ST/STM32_USB_Device_Library/Core/Src/usbd_ctlreq.o
                0x0800aee8                USBD_StdEPReq
 *fill*         0x0800b226        0x2 
 .text.USBD_GetDescriptor
                0x0800b228      0x2d4 ./Middlewares/ST/STM32_USB_Device_Library/Core/Src/usbd_ctlreq.o
 .text.USBD_SetAddress
                0x0800b4fc       0x88 ./Middlewares/ST/STM32_USB_Device_Library/Core/Src/usbd_ctlreq.o
 .text.USBD_SetConfig
                0x0800b584      0x154 ./Middlewares/ST/STM32_USB_Device_Library/Core/Src/usbd_ctlreq.o
 .text.USBD_GetConfig
                0x0800b6d8       0x6c ./Middlewares/ST/STM32_USB_Device_Library/Core/Src/usbd_ctlreq.o
 .text.USBD_GetStatus
                0x0800b744       0x68 ./Middlewares/ST/STM32_USB_Device_Library/Core/Src/usbd_ctlreq.o
 .text.USBD_SetFeature
                0x0800b7ac       0x52 ./Middlewares/ST/STM32_USB_Device_Library/Core/Src/usbd_ctlreq.o
 .text.USBD_ClrFeature
                0x0800b7fe       0x44 ./Middlewares/ST/STM32_USB_Device_Library/Core/Src/usbd_ctlreq.o
 .text.USBD_ParseSetupRequest
                0x0800b842       0x74 ./Middlewares/ST/STM32_USB_Device_Library/Core/Src/usbd_ctlreq.o
                0x0800b842                USBD_ParseSetupRequest
 .text.USBD_CtlError
                0x0800b8b6       0x22 ./Middlewares/ST/STM32_USB_Device_Library/Core/Src/usbd_ctlreq.o
                0x0800b8b6                USBD_CtlError
 .text.USBD_GetString
                0x0800b8d8       0xa4 ./Middlewares/ST/STM32_USB_Device_Library/Core/Src/usbd_ctlreq.o
                0x0800b8d8                USBD_GetString
 .text.USBD_GetLen
                0x0800b97c       0x34 ./Middlewares/ST/STM32_USB_Device_Library/Core/Src/usbd_ctlreq.o
 .text.USBD_CtlSendData
                0x0800b9b0       0x3c ./Middlewares/ST/STM32_USB_Device_Library/Core/Src/usbd_ioreq.o
                0x0800b9b0                USBD_CtlSendData
 .text.USBD_CtlContinueSendData
                0x0800b9ec       0x22 ./Middlewares/ST/STM32_USB_Device_Library/Core/Src/usbd_ioreq.o
                0x0800b9ec                USBD_CtlContinueSendData
 .text.USBD_CtlPrepareRx
                0x0800ba0e       0x42 ./Middlewares/ST/STM32_USB_Device_Library/Core/Src/usbd_ioreq.o
                0x0800ba0e                USBD_CtlPrepareRx
 .text.USBD_CtlContinueRx
                0x0800ba50       0x22 ./Middlewares/ST/STM32_USB_Device_Library/Core/Src/usbd_ioreq.o
                0x0800ba50                USBD_CtlContinueRx
 .text.USBD_CtlSendStatus
                0x0800ba72       0x26 ./Middlewares/ST/STM32_USB_Device_Library/Core/Src/usbd_ioreq.o
                0x0800ba72                USBD_CtlSendStatus
 .text.USBD_CtlReceiveStatus
                0x0800ba98       0x26 ./Middlewares/ST/STM32_USB_Device_Library/Core/Src/usbd_ioreq.o
                0x0800ba98                USBD_CtlReceiveStatus
 *fill*         0x0800babe        0x2 
 .text.disk_status
                0x0800bac0       0x34 ./Middlewares/Third_Party/FatFs/src/diskio.o
                0x0800bac0                disk_status
 .text.disk_initialize
                0x0800baf4       0x50 ./Middlewares/Third_Party/FatFs/src/diskio.o
                0x0800baf4                disk_initialize
 .text.disk_read
                0x0800bb44       0x40 ./Middlewares/Third_Party/FatFs/src/diskio.o
                0x0800bb44                disk_read
 .text.disk_write
                0x0800bb84       0x40 ./Middlewares/Third_Party/FatFs/src/diskio.o
                0x0800bb84                disk_write
 .text.ld_word  0x0800bbc4       0x30 ./Middlewares/Third_Party/FatFs/src/ff.o
 .text.ld_dword
                0x0800bbf4       0x46 ./Middlewares/Third_Party/FatFs/src/ff.o
 .text.st_word  0x0800bc3a       0x36 ./Middlewares/Third_Party/FatFs/src/ff.o
 .text.st_dword
                0x0800bc70       0x58 ./Middlewares/Third_Party/FatFs/src/ff.o
 .text.mem_cpy  0x0800bcc8       0x42 ./Middlewares/Third_Party/FatFs/src/ff.o
 .text.mem_set  0x0800bd0a       0x36 ./Middlewares/Third_Party/FatFs/src/ff.o
 .text.mem_cmp  0x0800bd40       0x4e ./Middlewares/Third_Party/FatFs/src/ff.o
 .text.chk_chr  0x0800bd8e       0x36 ./Middlewares/Third_Party/FatFs/src/ff.o
 .text.chk_lock
                0x0800bdc4       0xb8 ./Middlewares/Third_Party/FatFs/src/ff.o
 .text.enq_lock
                0x0800be7c       0x44 ./Middlewares/Third_Party/FatFs/src/ff.o
 .text.inc_lock
                0x0800bec0      0x11c ./Middlewares/Third_Party/FatFs/src/ff.o
 .text.clear_lock
                0x0800bfdc       0x48 ./Middlewares/Third_Party/FatFs/src/ff.o
 .text.sync_window
                0x0800c024       0x88 ./Middlewares/Third_Party/FatFs/src/ff.o
 .text.move_window
                0x0800c0ac       0x5a ./Middlewares/Third_Party/FatFs/src/ff.o
 .text.clust2sect
                0x0800c106       0x3e ./Middlewares/Third_Party/FatFs/src/ff.o
 .text.get_fat  0x0800c144      0x14e ./Middlewares/Third_Party/FatFs/src/ff.o
 .text.put_fat  0x0800c292      0x1d4 ./Middlewares/Third_Party/FatFs/src/ff.o
 .text.remove_chain
                0x0800c466       0xca ./Middlewares/Third_Party/FatFs/src/ff.o
 .text.create_chain
                0x0800c530      0x130 ./Middlewares/Third_Party/FatFs/src/ff.o
 .text.clmt_clust
                0x0800c660       0x68 ./Middlewares/Third_Party/FatFs/src/ff.o
 .text.dir_sdi  0x0800c6c8       0xf6 ./Middlewares/Third_Party/FatFs/src/ff.o
 .text.dir_next
                0x0800c7be      0x18a ./Middlewares/Third_Party/FatFs/src/ff.o
 .text.dir_alloc
                0x0800c948       0x8e ./Middlewares/Third_Party/FatFs/src/ff.o
 .text.ld_clust
                0x0800c9d6       0x3e ./Middlewares/Third_Party/FatFs/src/ff.o
 .text.st_clust
                0x0800ca14       0x40 ./Middlewares/Third_Party/FatFs/src/ff.o
 .text.cmp_lfn  0x0800ca54       0xe0 ./Middlewares/Third_Party/FatFs/src/ff.o
 .text.put_lfn  0x0800cb34       0xd0 ./Middlewares/Third_Party/FatFs/src/ff.o
 .text.gen_numname
                0x0800cc04      0x11c ./Middlewares/Third_Party/FatFs/src/ff.o
 .text.sum_sfn  0x0800cd20       0x42 ./Middlewares/Third_Party/FatFs/src/ff.o
 .text.dir_find
                0x0800cd62      0x180 ./Middlewares/Third_Party/FatFs/src/ff.o
 *fill*         0x0800cee2        0x2 
 .text.dir_register
                0x0800cee4      0x1f0 ./Middlewares/Third_Party/FatFs/src/ff.o
 .text.create_name
                0x0800d0d4      0x370 ./Middlewares/Third_Party/FatFs/src/ff.o
 .text.follow_path
                0x0800d444       0xe2 ./Middlewares/Third_Party/FatFs/src/ff.o
 .text.get_ldnumber
                0x0800d526       0x88 ./Middlewares/Third_Party/FatFs/src/ff.o
 *fill*         0x0800d5ae        0x2 
 .text.check_fs
                0x0800d5b0       0xac ./Middlewares/Third_Party/FatFs/src/ff.o
 .text.find_volume
                0x0800d65c      0x4a0 ./Middlewares/Third_Party/FatFs/src/ff.o
 .text.validate
                0x0800dafc       0x6a ./Middlewares/Third_Party/FatFs/src/ff.o
 *fill*         0x0800db66        0x2 
 .text.f_mount  0x0800db68       0x8c ./Middlewares/Third_Party/FatFs/src/ff.o
                0x0800db68                f_mount
 .text.f_open   0x0800dbf4      0x374 ./Middlewares/Third_Party/FatFs/src/ff.o
                0x0800dbf4                f_open
 .text.f_read   0x0800df68      0x27e ./Middlewares/Third_Party/FatFs/src/ff.o
                0x0800df68                f_read
 .text.f_lseek  0x0800e1e6      0x412 ./Middlewares/Third_Party/FatFs/src/ff.o
                0x0800e1e6                f_lseek
 .text.f_gets   0x0800e5f8       0x7c ./Middlewares/Third_Party/FatFs/src/ff.o
                0x0800e5f8                f_gets
 .text.FATFS_LinkDriverEx
                0x0800e674       0x98 ./Middlewares/Third_Party/FatFs/src/ff_gen_drv.o
                0x0800e674                FATFS_LinkDriverEx
 .text.FATFS_LinkDriver
                0x0800e70c       0x1e ./Middlewares/Third_Party/FatFs/src/ff_gen_drv.o
                0x0800e70c                FATFS_LinkDriver
 .text.ff_convert
                0x0800e72a       0x24 ./Middlewares/Third_Party/FatFs/src/ff_unicode.o
                0x0800e72a                ff_convert
 .text.ff_wtoupper
                0x0800e74e       0x2c ./Middlewares/Third_Party/FatFs/src/ff_unicode.o
                0x0800e74e                ff_wtoupper
 *fill*         0x0800e77a        0x2 
 .text.MX_USB_DEVICE_Init
                0x0800e77c       0x60 ./USB_DEVICE/App/usb_device.o
                0x0800e77c                MX_USB_DEVICE_Init
 .text.CDC_Init_FS
                0x0800e7dc       0x28 ./USB_DEVICE/App/usbd_cdc_if.o
 .text.CDC_DeInit_FS
                0x0800e804       0x10 ./USB_DEVICE/App/usbd_cdc_if.o
 .text.CDC_Control_FS
                0x0800e814       0xbc ./USB_DEVICE/App/usbd_cdc_if.o
 .text.CDC_Receive_FS
                0x0800e8d0       0x28 ./USB_DEVICE/App/usbd_cdc_if.o
 .text.CDC_Transmit_FS
                0x0800e8f8       0x4c ./USB_DEVICE/App/usbd_cdc_if.o
                0x0800e8f8                CDC_Transmit_FS
 .text.CDC_TransmitCplt_FS
                0x0800e944       0x22 ./USB_DEVICE/App/usbd_cdc_if.o
 *fill*         0x0800e966        0x2 
 .text.USBD_FS_DeviceDescriptor
                0x0800e968       0x24 ./USB_DEVICE/App/usbd_desc.o
                0x0800e968                USBD_FS_DeviceDescriptor
 .text.USBD_FS_LangIDStrDescriptor
                0x0800e98c       0x24 ./USB_DEVICE/App/usbd_desc.o
                0x0800e98c                USBD_FS_LangIDStrDescriptor
 .text.USBD_FS_ProductStrDescriptor
                0x0800e9b0       0x3c ./USB_DEVICE/App/usbd_desc.o
                0x0800e9b0                USBD_FS_ProductStrDescriptor
 .text.USBD_FS_ManufacturerStrDescriptor
                0x0800e9ec       0x28 ./USB_DEVICE/App/usbd_desc.o
                0x0800e9ec                USBD_FS_ManufacturerStrDescriptor
 .text.USBD_FS_SerialStrDescriptor
                0x0800ea14       0x24 ./USB_DEVICE/App/usbd_desc.o
                0x0800ea14                USBD_FS_SerialStrDescriptor
 .text.USBD_FS_ConfigStrDescriptor
                0x0800ea38       0x3c ./USB_DEVICE/App/usbd_desc.o
                0x0800ea38                USBD_FS_ConfigStrDescriptor
 .text.USBD_FS_InterfaceStrDescriptor
                0x0800ea74       0x3c ./USB_DEVICE/App/usbd_desc.o
                0x0800ea74                USBD_FS_InterfaceStrDescriptor
 .text.Get_SerialNum
                0x0800eab0       0x58 ./USB_DEVICE/App/usbd_desc.o
 .text.IntToUnicode
                0x0800eb08       0x7e ./USB_DEVICE/App/usbd_desc.o
 *fill*         0x0800eb86        0x2 
 .text.HAL_PCD_MspInit
                0x0800eb88       0xa8 ./USB_DEVICE/Target/usbd_conf.o
                0x0800eb88                HAL_PCD_MspInit
 .text.HAL_PCD_SetupStageCallback
                0x0800ec30       0x24 ./USB_DEVICE/Target/usbd_conf.o
                0x0800ec30                HAL_PCD_SetupStageCallback
 .text.HAL_PCD_DataOutStageCallback
                0x0800ec54       0x36 ./USB_DEVICE/Target/usbd_conf.o
                0x0800ec54                HAL_PCD_DataOutStageCallback
 .text.HAL_PCD_DataInStageCallback
                0x0800ec8a       0x34 ./USB_DEVICE/Target/usbd_conf.o
                0x0800ec8a                HAL_PCD_DataInStageCallback
 .text.HAL_PCD_SOFCallback
                0x0800ecbe       0x1c ./USB_DEVICE/Target/usbd_conf.o
                0x0800ecbe                HAL_PCD_SOFCallback
 .text.HAL_PCD_ResetCallback
                0x0800ecda       0x50 ./USB_DEVICE/Target/usbd_conf.o
                0x0800ecda                HAL_PCD_ResetCallback
 *fill*         0x0800ed2a        0x2 
 .text.HAL_PCD_SuspendCallback
                0x0800ed2c       0x4c ./USB_DEVICE/Target/usbd_conf.o
                0x0800ed2c                HAL_PCD_SuspendCallback
 .text.HAL_PCD_ResumeCallback
                0x0800ed78       0x1c ./USB_DEVICE/Target/usbd_conf.o
                0x0800ed78                HAL_PCD_ResumeCallback
 .text.HAL_PCD_ISOOUTIncompleteCallback
                0x0800ed94       0x24 ./USB_DEVICE/Target/usbd_conf.o
                0x0800ed94                HAL_PCD_ISOOUTIncompleteCallback
 .text.HAL_PCD_ISOINIncompleteCallback
                0x0800edb8       0x24 ./USB_DEVICE/Target/usbd_conf.o
                0x0800edb8                HAL_PCD_ISOINIncompleteCallback
 .text.HAL_PCD_ConnectCallback
                0x0800eddc       0x1c ./USB_DEVICE/Target/usbd_conf.o
                0x0800eddc                HAL_PCD_ConnectCallback
 .text.HAL_PCD_DisconnectCallback
                0x0800edf8       0x1c ./USB_DEVICE/Target/usbd_conf.o
                0x0800edf8                HAL_PCD_DisconnectCallback
 .text.USBD_LL_Init
                0x0800ee14       0x98 ./USB_DEVICE/Target/usbd_conf.o
                0x0800ee14                USBD_LL_Init
 .text.USBD_LL_Start
                0x0800eeac       0x36 ./USB_DEVICE/Target/usbd_conf.o
                0x0800eeac                USBD_LL_Start
 .text.USBD_LL_OpenEP
                0x0800eee2       0x4c ./USB_DEVICE/Target/usbd_conf.o
                0x0800eee2                USBD_LL_OpenEP
 .text.USBD_LL_CloseEP
                0x0800ef2e       0x3e ./USB_DEVICE/Target/usbd_conf.o
                0x0800ef2e                USBD_LL_CloseEP
 .text.USBD_LL_StallEP
                0x0800ef6c       0x3e ./USB_DEVICE/Target/usbd_conf.o
                0x0800ef6c                USBD_LL_StallEP
 .text.USBD_LL_ClearStallEP
                0x0800efaa       0x3e ./USB_DEVICE/Target/usbd_conf.o
                0x0800efaa                USBD_LL_ClearStallEP
 .text.USBD_LL_IsStallEP
                0x0800efe8       0x58 ./USB_DEVICE/Target/usbd_conf.o
                0x0800efe8                USBD_LL_IsStallEP
 .text.USBD_LL_SetUSBAddress
                0x0800f040       0x3e ./USB_DEVICE/Target/usbd_conf.o
                0x0800f040                USBD_LL_SetUSBAddress
 .text.USBD_LL_Transmit
                0x0800f07e       0x42 ./USB_DEVICE/Target/usbd_conf.o
                0x0800f07e                USBD_LL_Transmit
 .text.USBD_LL_PrepareReceive
                0x0800f0c0       0x42 ./USB_DEVICE/Target/usbd_conf.o
                0x0800f0c0                USBD_LL_PrepareReceive
 .text.USBD_LL_GetRxDataSize
                0x0800f102       0x26 ./USB_DEVICE/Target/usbd_conf.o
                0x0800f102                USBD_LL_GetRxDataSize
 .text.USBD_static_malloc
                0x0800f128       0x1c ./USB_DEVICE/Target/usbd_conf.o
                0x0800f128                USBD_static_malloc
 .text.USBD_static_free
                0x0800f144       0x14 ./USB_DEVICE/Target/usbd_conf.o
                0x0800f144                USBD_static_free
 .text.USBD_Get_USB_Status
                0x0800f158       0x58 ./USB_DEVICE/Target/usbd_conf.o
                0x0800f158                USBD_Get_USB_Status
 .text.__cvt    0x0800f1b0       0xca C:/ST/STM32CubeIDE_1.16.1/STM32CubeIDE/plugins/com.st.stm32cube.ide.mcu.externaltools.gnu-tools-for-stm32.12.3.rel1.win32_1.0.200.202406191623/tools/bin/../lib/gcc/arm-none-eabi/12.3.1/../../../../arm-none-eabi/lib/thumb/v7e-m+fp/hard\libc_nano.a(libc_a-nano-vfprintf_float.o)
                0x0800f1b0                __cvt
 .text.__exponent
                0x0800f27a       0x74 C:/ST/STM32CubeIDE_1.16.1/STM32CubeIDE/plugins/com.st.stm32cube.ide.mcu.externaltools.gnu-tools-for-stm32.12.3.rel1.win32_1.0.200.202406191623/tools/bin/../lib/gcc/arm-none-eabi/12.3.1/../../../../arm-none-eabi/lib/thumb/v7e-m+fp/hard\libc_nano.a(libc_a-nano-vfprintf_float.o)
                0x0800f27a                __exponent
 *fill*         0x0800f2ee        0x2 
 .text._printf_float
                0x0800f2f0      0x454 C:/ST/STM32CubeIDE_1.16.1/STM32CubeIDE/plugins/com.st.stm32cube.ide.mcu.externaltools.gnu-tools-for-stm32.12.3.rel1.win32_1.0.200.202406191623/tools/bin/../lib/gcc/arm-none-eabi/12.3.1/../../../../arm-none-eabi/lib/thumb/v7e-m+fp/hard\libc_nano.a(libc_a-nano-vfprintf_float.o)
                0x0800f2f0                _printf_float
 .text._printf_common
                0x0800f744       0xda C:/ST/STM32CubeIDE_1.16.1/STM32CubeIDE/plugins/com.st.stm32cube.ide.mcu.externaltools.gnu-tools-for-stm32.12.3.rel1.win32_1.0.200.202406191623/tools/bin/../lib/gcc/arm-none-eabi/12.3.1/../../../../arm-none-eabi/lib/thumb/v7e-m+fp/hard\libc_nano.a(libc_a-nano-vfprintf_i.o)
                0x0800f744                _printf_common
 *fill*         0x0800f81e        0x2 
 .text._printf_i
                0x0800f820      0x240 C:/ST/STM32CubeIDE_1.16.1/STM32CubeIDE/plugins/com.st.stm32cube.ide.mcu.externaltools.gnu-tools-for-stm32.12.3.rel1.win32_1.0.200.202406191623/tools/bin/../lib/gcc/arm-none-eabi/12.3.1/../../../../arm-none-eabi/lib/thumb/v7e-m+fp/hard\libc_nano.a(libc_a-nano-vfprintf_i.o)
                0x0800f820                _printf_i
 .text._scanf_float
                0x0800fa60      0x428 C:/ST/STM32CubeIDE_1.16.1/STM32CubeIDE/plugins/com.st.stm32cube.ide.mcu.externaltools.gnu-tools-for-stm32.12.3.rel1.win32_1.0.200.202406191623/tools/bin/../lib/gcc/arm-none-eabi/12.3.1/../../../../arm-none-eabi/lib/thumb/v7e-m+fp/hard\libc_nano.a(libc_a-nano-vfscanf_float.o)
                0x0800fa60                _scanf_float
 .text.std      0x0800fe88       0x6c C:/ST/STM32CubeIDE_1.16.1/STM32CubeIDE/plugins/com.st.stm32cube.ide.mcu.externaltools.gnu-tools-for-stm32.12.3.rel1.win32_1.0.200.202406191623/tools/bin/../lib/gcc/arm-none-eabi/12.3.1/../../../../arm-none-eabi/lib/thumb/v7e-m+fp/hard\libc_nano.a(libc_a-findfp.o)
 .text.stdio_exit_handler
                0x0800fef4       0x18 C:/ST/STM32CubeIDE_1.16.1/STM32CubeIDE/plugins/com.st.stm32cube.ide.mcu.externaltools.gnu-tools-for-stm32.12.3.rel1.win32_1.0.200.202406191623/tools/bin/../lib/gcc/arm-none-eabi/12.3.1/../../../../arm-none-eabi/lib/thumb/v7e-m+fp/hard\libc_nano.a(libc_a-findfp.o)
 .text.cleanup_stdio
                0x0800ff0c       0x40 C:/ST/STM32CubeIDE_1.16.1/STM32CubeIDE/plugins/com.st.stm32cube.ide.mcu.externaltools.gnu-tools-for-stm32.12.3.rel1.win32_1.0.200.202406191623/tools/bin/../lib/gcc/arm-none-eabi/12.3.1/../../../../arm-none-eabi/lib/thumb/v7e-m+fp/hard\libc_nano.a(libc_a-findfp.o)
 .text.global_stdio_init.part.0
                0x0800ff4c       0x3c C:/ST/STM32CubeIDE_1.16.1/STM32CubeIDE/plugins/com.st.stm32cube.ide.mcu.externaltools.gnu-tools-for-stm32.12.3.rel1.win32_1.0.200.202406191623/tools/bin/../lib/gcc/arm-none-eabi/12.3.1/../../../../arm-none-eabi/lib/thumb/v7e-m+fp/hard\libc_nano.a(libc_a-findfp.o)
 .text.__sfp_lock_acquire
                0x0800ff88        0xc C:/ST/STM32CubeIDE_1.16.1/STM32CubeIDE/plugins/com.st.stm32cube.ide.mcu.externaltools.gnu-tools-for-stm32.12.3.rel1.win32_1.0.200.202406191623/tools/bin/../lib/gcc/arm-none-eabi/12.3.1/../../../../arm-none-eabi/lib/thumb/v7e-m+fp/hard\libc_nano.a(libc_a-findfp.o)
                0x0800ff88                __sfp_lock_acquire
 .text.__sfp_lock_release
                0x0800ff94        0xc C:/ST/STM32CubeIDE_1.16.1/STM32CubeIDE/plugins/com.st.stm32cube.ide.mcu.externaltools.gnu-tools-for-stm32.12.3.rel1.win32_1.0.200.202406191623/tools/bin/../lib/gcc/arm-none-eabi/12.3.1/../../../../arm-none-eabi/lib/thumb/v7e-m+fp/hard\libc_nano.a(libc_a-findfp.o)
                0x0800ff94                __sfp_lock_release
 .text.__sinit  0x0800ffa0       0x30 C:/ST/STM32CubeIDE_1.16.1/STM32CubeIDE/plugins/com.st.stm32cube.ide.mcu.externaltools.gnu-tools-for-stm32.12.3.rel1.win32_1.0.200.202406191623/tools/bin/../lib/gcc/arm-none-eabi/12.3.1/../../../../arm-none-eabi/lib/thumb/v7e-m+fp/hard\libc_nano.a(libc_a-findfp.o)
                0x0800ffa0                __sinit
 .text._fwalk_sglue
                0x0800ffd0       0x3c C:/ST/STM32CubeIDE_1.16.1/STM32CubeIDE/plugins/com.st.stm32cube.ide.mcu.externaltools.gnu-tools-for-stm32.12.3.rel1.win32_1.0.200.202406191623/tools/bin/../lib/gcc/arm-none-eabi/12.3.1/../../../../arm-none-eabi/lib/thumb/v7e-m+fp/hard\libc_nano.a(libc_a-fwalk.o)
                0x0800ffd0                _fwalk_sglue
 .text.sprintf  0x0801000c       0x40 C:/ST/STM32CubeIDE_1.16.1/STM32CubeIDE/plugins/com.st.stm32cube.ide.mcu.externaltools.gnu-tools-for-stm32.12.3.rel1.win32_1.0.200.202406191623/tools/bin/../lib/gcc/arm-none-eabi/12.3.1/../../../../arm-none-eabi/lib/thumb/v7e-m+fp/hard\libc_nano.a(libc_a-sprintf.o)
                0x0801000c                siprintf
                0x0801000c                sprintf
 .text.sscanf   0x0801004c       0x54 C:/ST/STM32CubeIDE_1.16.1/STM32CubeIDE/plugins/com.st.stm32cube.ide.mcu.externaltools.gnu-tools-for-stm32.12.3.rel1.win32_1.0.200.202406191623/tools/bin/../lib/gcc/arm-none-eabi/12.3.1/../../../../arm-none-eabi/lib/thumb/v7e-m+fp/hard\libc_nano.a(libc_a-sscanf.o)
                0x0801004c                siscanf
                0x0801004c                sscanf
 .text.__sread  0x080100a0       0x22 C:/ST/STM32CubeIDE_1.16.1/STM32CubeIDE/plugins/com.st.stm32cube.ide.mcu.externaltools.gnu-tools-for-stm32.12.3.rel1.win32_1.0.200.202406191623/tools/bin/../lib/gcc/arm-none-eabi/12.3.1/../../../../arm-none-eabi/lib/thumb/v7e-m+fp/hard\libc_nano.a(libc_a-stdio.o)
                0x080100a0                __sread
 .text.__seofread
                0x080100c2        0x4 C:/ST/STM32CubeIDE_1.16.1/STM32CubeIDE/plugins/com.st.stm32cube.ide.mcu.externaltools.gnu-tools-for-stm32.12.3.rel1.win32_1.0.200.202406191623/tools/bin/../lib/gcc/arm-none-eabi/12.3.1/../../../../arm-none-eabi/lib/thumb/v7e-m+fp/hard\libc_nano.a(libc_a-stdio.o)
                0x080100c2                __seofread
 .text.__swrite
                0x080100c6       0x38 C:/ST/STM32CubeIDE_1.16.1/STM32CubeIDE/plugins/com.st.stm32cube.ide.mcu.externaltools.gnu-tools-for-stm32.12.3.rel1.win32_1.0.200.202406191623/tools/bin/../lib/gcc/arm-none-eabi/12.3.1/../../../../arm-none-eabi/lib/thumb/v7e-m+fp/hard\libc_nano.a(libc_a-stdio.o)
                0x080100c6                __swrite
 .text.__sseek  0x080100fe       0x24 C:/ST/STM32CubeIDE_1.16.1/STM32CubeIDE/plugins/com.st.stm32cube.ide.mcu.externaltools.gnu-tools-for-stm32.12.3.rel1.win32_1.0.200.202406191623/tools/bin/../lib/gcc/arm-none-eabi/12.3.1/../../../../arm-none-eabi/lib/thumb/v7e-m+fp/hard\libc_nano.a(libc_a-stdio.o)
                0x080100fe                __sseek
 .text.__sclose
                0x08010122        0x8 C:/ST/STM32CubeIDE_1.16.1/STM32CubeIDE/plugins/com.st.stm32cube.ide.mcu.externaltools.gnu-tools-for-stm32.12.3.rel1.win32_1.0.200.202406191623/tools/bin/../lib/gcc/arm-none-eabi/12.3.1/../../../../arm-none-eabi/lib/thumb/v7e-m+fp/hard\libc_nano.a(libc_a-stdio.o)
                0x08010122                __sclose
 .text._vsnprintf_r
                0x0801012a       0x56 C:/ST/STM32CubeIDE_1.16.1/STM32CubeIDE/plugins/com.st.stm32cube.ide.mcu.externaltools.gnu-tools-for-stm32.12.3.rel1.win32_1.0.200.202406191623/tools/bin/../lib/gcc/arm-none-eabi/12.3.1/../../../../arm-none-eabi/lib/thumb/v7e-m+fp/hard\libc_nano.a(libc_a-vsnprintf.o)
                0x0801012a                _vsniprintf_r
                0x0801012a                _vsnprintf_r
 .text.vsnprintf
                0x08010180       0x1c C:/ST/STM32CubeIDE_1.16.1/STM32CubeIDE/plugins/com.st.stm32cube.ide.mcu.externaltools.gnu-tools-for-stm32.12.3.rel1.win32_1.0.200.202406191623/tools/bin/../lib/gcc/arm-none-eabi/12.3.1/../../../../arm-none-eabi/lib/thumb/v7e-m+fp/hard\libc_nano.a(libc_a-vsnprintf.o)
                0x08010180                vsniprintf
                0x08010180                vsnprintf
 .text.memset   0x0801019c       0x10 C:/ST/STM32CubeIDE_1.16.1/STM32CubeIDE/plugins/com.st.stm32cube.ide.mcu.externaltools.gnu-tools-for-stm32.12.3.rel1.win32_1.0.200.202406191623/tools/bin/../lib/gcc/arm-none-eabi/12.3.1/../../../../arm-none-eabi/lib/thumb/v7e-m+fp/hard\libc_nano.a(libc_a-memset.o)
                0x0801019c                memset
 .text._localeconv_r
                0x080101ac        0x8 C:/ST/STM32CubeIDE_1.16.1/STM32CubeIDE/plugins/com.st.stm32cube.ide.mcu.externaltools.gnu-tools-for-stm32.12.3.rel1.win32_1.0.200.202406191623/tools/bin/../lib/gcc/arm-none-eabi/12.3.1/../../../../arm-none-eabi/lib/thumb/v7e-m+fp/hard\libc_nano.a(libc_a-localeconv.o)
                0x080101ac                _localeconv_r
 .text._close_r
                0x080101b4       0x20 C:/ST/STM32CubeIDE_1.16.1/STM32CubeIDE/plugins/com.st.stm32cube.ide.mcu.externaltools.gnu-tools-for-stm32.12.3.rel1.win32_1.0.200.202406191623/tools/bin/../lib/gcc/arm-none-eabi/12.3.1/../../../../arm-none-eabi/lib/thumb/v7e-m+fp/hard\libc_nano.a(libc_a-closer.o)
                0x080101b4                _close_r
 .text._lseek_r
                0x080101d4       0x24 C:/ST/STM32CubeIDE_1.16.1/STM32CubeIDE/plugins/com.st.stm32cube.ide.mcu.externaltools.gnu-tools-for-stm32.12.3.rel1.win32_1.0.200.202406191623/tools/bin/../lib/gcc/arm-none-eabi/12.3.1/../../../../arm-none-eabi/lib/thumb/v7e-m+fp/hard\libc_nano.a(libc_a-lseekr.o)
                0x080101d4                _lseek_r
 .text._read_r  0x080101f8       0x24 C:/ST/STM32CubeIDE_1.16.1/STM32CubeIDE/plugins/com.st.stm32cube.ide.mcu.externaltools.gnu-tools-for-stm32.12.3.rel1.win32_1.0.200.202406191623/tools/bin/../lib/gcc/arm-none-eabi/12.3.1/../../../../arm-none-eabi/lib/thumb/v7e-m+fp/hard\libc_nano.a(libc_a-readr.o)
                0x080101f8                _read_r
 .text._write_r
                0x0801021c       0x24 C:/ST/STM32CubeIDE_1.16.1/STM32CubeIDE/plugins/com.st.stm32cube.ide.mcu.externaltools.gnu-tools-for-stm32.12.3.rel1.win32_1.0.200.202406191623/tools/bin/../lib/gcc/arm-none-eabi/12.3.1/../../../../arm-none-eabi/lib/thumb/v7e-m+fp/hard\libc_nano.a(libc_a-writer.o)
                0x0801021c                _write_r
 .text.__errno  0x08010240        0xc C:/ST/STM32CubeIDE_1.16.1/STM32CubeIDE/plugins/com.st.stm32cube.ide.mcu.externaltools.gnu-tools-for-stm32.12.3.rel1.win32_1.0.200.202406191623/tools/bin/../lib/gcc/arm-none-eabi/12.3.1/../../../../arm-none-eabi/lib/thumb/v7e-m+fp/hard\libc_nano.a(libc_a-errno.o)
                0x08010240                __errno
 .text.__libc_init_array
                0x0801024c       0x48 C:/ST/STM32CubeIDE_1.16.1/STM32CubeIDE/plugins/com.st.stm32cube.ide.mcu.externaltools.gnu-tools-for-stm32.12.3.rel1.win32_1.0.200.202406191623/tools/bin/../lib/gcc/arm-none-eabi/12.3.1/../../../../arm-none-eabi/lib/thumb/v7e-m+fp/hard\libc_nano.a(libc_a-init.o)
                0x0801024c                __libc_init_array
 .text.__retarget_lock_init_recursive
                0x08010294        0x2 C:/ST/STM32CubeIDE_1.16.1/STM32CubeIDE/plugins/com.st.stm32cube.ide.mcu.externaltools.gnu-tools-for-stm32.12.3.rel1.win32_1.0.200.202406191623/tools/bin/../lib/gcc/arm-none-eabi/12.3.1/../../../../arm-none-eabi/lib/thumb/v7e-m+fp/hard\libc_nano.a(libc_a-lock.o)
                0x08010294                __retarget_lock_init_recursive
 .text.__retarget_lock_acquire_recursive
                0x08010296        0x2 C:/ST/STM32CubeIDE_1.16.1/STM32CubeIDE/plugins/com.st.stm32cube.ide.mcu.externaltools.gnu-tools-for-stm32.12.3.rel1.win32_1.0.200.202406191623/tools/bin/../lib/gcc/arm-none-eabi/12.3.1/../../../../arm-none-eabi/lib/thumb/v7e-m+fp/hard\libc_nano.a(libc_a-lock.o)
                0x08010296                __retarget_lock_acquire_recursive
 .text.__retarget_lock_release_recursive
                0x08010298        0x2 C:/ST/STM32CubeIDE_1.16.1/STM32CubeIDE/plugins/com.st.stm32cube.ide.mcu.externaltools.gnu-tools-for-stm32.12.3.rel1.win32_1.0.200.202406191623/tools/bin/../lib/gcc/arm-none-eabi/12.3.1/../../../../arm-none-eabi/lib/thumb/v7e-m+fp/hard\libc_nano.a(libc_a-lock.o)
                0x08010298                __retarget_lock_release_recursive
 *fill*         0x0801029a        0x2 
 .text.nanf     0x0801029c        0xc C:/ST/STM32CubeIDE_1.16.1/STM32CubeIDE/plugins/com.st.stm32cube.ide.mcu.externaltools.gnu-tools-for-stm32.12.3.rel1.win32_1.0.200.202406191623/tools/bin/../lib/gcc/arm-none-eabi/12.3.1/../../../../arm-none-eabi/lib/thumb/v7e-m+fp/hard\libc_nano.a(libm_a-sf_nan.o)
                0x0801029c                nanf
 .text.quorem   0x080102a8      0x110 C:/ST/STM32CubeIDE_1.16.1/STM32CubeIDE/plugins/com.st.stm32cube.ide.mcu.externaltools.gnu-tools-for-stm32.12.3.rel1.win32_1.0.200.202406191623/tools/bin/../lib/gcc/arm-none-eabi/12.3.1/../../../../arm-none-eabi/lib/thumb/v7e-m+fp/hard\libc_nano.a(libc_a-dtoa.o)
 .text._dtoa_r  0x080103b8      0xb88 C:/ST/STM32CubeIDE_1.16.1/STM32CubeIDE/plugins/com.st.stm32cube.ide.mcu.externaltools.gnu-tools-for-stm32.12.3.rel1.win32_1.0.200.202406191623/tools/bin/../lib/gcc/arm-none-eabi/12.3.1/../../../../arm-none-eabi/lib/thumb/v7e-m+fp/hard\libc_nano.a(libc_a-dtoa.o)
                0x080103b8                _dtoa_r
 .text._free_r  0x08010f40       0x94 C:/ST/STM32CubeIDE_1.16.1/STM32CubeIDE/plugins/com.st.stm32cube.ide.mcu.externaltools.gnu-tools-for-stm32.12.3.rel1.win32_1.0.200.202406191623/tools/bin/../lib/gcc/arm-none-eabi/12.3.1/../../../../arm-none-eabi/lib/thumb/v7e-m+fp/hard\libc_nano.a(libc_a-freer.o)
                0x08010f40                _free_r
 .text.malloc   0x08010fd4       0x10 C:/ST/STM32CubeIDE_1.16.1/STM32CubeIDE/plugins/com.st.stm32cube.ide.mcu.externaltools.gnu-tools-for-stm32.12.3.rel1.win32_1.0.200.202406191623/tools/bin/../lib/gcc/arm-none-eabi/12.3.1/../../../../arm-none-eabi/lib/thumb/v7e-m+fp/hard\libc_nano.a(libc_a-malloc.o)
                0x08010fd4                malloc
 .text.sbrk_aligned
                0x08010fe4       0x44 C:/ST/STM32CubeIDE_1.16.1/STM32CubeIDE/plugins/com.st.stm32cube.ide.mcu.externaltools.gnu-tools-for-stm32.12.3.rel1.win32_1.0.200.202406191623/tools/bin/../lib/gcc/arm-none-eabi/12.3.1/../../../../arm-none-eabi/lib/thumb/v7e-m+fp/hard\libc_nano.a(libc_a-mallocr.o)
 .text._malloc_r
                0x08011028      0x100 C:/ST/STM32CubeIDE_1.16.1/STM32CubeIDE/plugins/com.st.stm32cube.ide.mcu.externaltools.gnu-tools-for-stm32.12.3.rel1.win32_1.0.200.202406191623/tools/bin/../lib/gcc/arm-none-eabi/12.3.1/../../../../arm-none-eabi/lib/thumb/v7e-m+fp/hard\libc_nano.a(libc_a-mallocr.o)
                0x08011028                _malloc_r
 .text.__malloc_lock
                0x08011128        0xc C:/ST/STM32CubeIDE_1.16.1/STM32CubeIDE/plugins/com.st.stm32cube.ide.mcu.externaltools.gnu-tools-for-stm32.12.3.rel1.win32_1.0.200.202406191623/tools/bin/../lib/gcc/arm-none-eabi/12.3.1/../../../../arm-none-eabi/lib/thumb/v7e-m+fp/hard\libc_nano.a(libc_a-mlock.o)
                0x08011128                __malloc_lock
 .text.__malloc_unlock
                0x08011134        0xc C:/ST/STM32CubeIDE_1.16.1/STM32CubeIDE/plugins/com.st.stm32cube.ide.mcu.externaltools.gnu-tools-for-stm32.12.3.rel1.win32_1.0.200.202406191623/tools/bin/../lib/gcc/arm-none-eabi/12.3.1/../../../../arm-none-eabi/lib/thumb/v7e-m+fp/hard\libc_nano.a(libc_a-mlock.o)
                0x08011134                __malloc_unlock
 .text._Balloc  0x08011140       0x80 C:/ST/STM32CubeIDE_1.16.1/STM32CubeIDE/plugins/com.st.stm32cube.ide.mcu.externaltools.gnu-tools-for-stm32.12.3.rel1.win32_1.0.200.202406191623/tools/bin/../lib/gcc/arm-none-eabi/12.3.1/../../../../arm-none-eabi/lib/thumb/v7e-m+fp/hard\libc_nano.a(libc_a-mprec.o)
                0x08011140                _Balloc
 .text._Bfree   0x080111c0       0x44 C:/ST/STM32CubeIDE_1.16.1/STM32CubeIDE/plugins/com.st.stm32cube.ide.mcu.externaltools.gnu-tools-for-stm32.12.3.rel1.win32_1.0.200.202406191623/tools/bin/../lib/gcc/arm-none-eabi/12.3.1/../../../../arm-none-eabi/lib/thumb/v7e-m+fp/hard\libc_nano.a(libc_a-mprec.o)
                0x080111c0                _Bfree
 .text.__multadd
                0x08011204       0x8c C:/ST/STM32CubeIDE_1.16.1/STM32CubeIDE/plugins/com.st.stm32cube.ide.mcu.externaltools.gnu-tools-for-stm32.12.3.rel1.win32_1.0.200.202406191623/tools/bin/../lib/gcc/arm-none-eabi/12.3.1/../../../../arm-none-eabi/lib/thumb/v7e-m+fp/hard\libc_nano.a(libc_a-mprec.o)
                0x08011204                __multadd
 .text.__s2b    0x08011290       0x94 C:/ST/STM32CubeIDE_1.16.1/STM32CubeIDE/plugins/com.st.stm32cube.ide.mcu.externaltools.gnu-tools-for-stm32.12.3.rel1.win32_1.0.200.202406191623/tools/bin/../lib/gcc/arm-none-eabi/12.3.1/../../../../arm-none-eabi/lib/thumb/v7e-m+fp/hard\libc_nano.a(libc_a-mprec.o)
                0x08011290                __s2b
 .text.__hi0bits
                0x08011324       0x3e C:/ST/STM32CubeIDE_1.16.1/STM32CubeIDE/plugins/com.st.stm32cube.ide.mcu.externaltools.gnu-tools-for-stm32.12.3.rel1.win32_1.0.200.202406191623/tools/bin/../lib/gcc/arm-none-eabi/12.3.1/../../../../arm-none-eabi/lib/thumb/v7e-m+fp/hard\libc_nano.a(libc_a-mprec.o)
                0x08011324                __hi0bits
 .text.__lo0bits
                0x08011362       0x5a C:/ST/STM32CubeIDE_1.16.1/STM32CubeIDE/plugins/com.st.stm32cube.ide.mcu.externaltools.gnu-tools-for-stm32.12.3.rel1.win32_1.0.200.202406191623/tools/bin/../lib/gcc/arm-none-eabi/12.3.1/../../../../arm-none-eabi/lib/thumb/v7e-m+fp/hard\libc_nano.a(libc_a-mprec.o)
                0x08011362                __lo0bits
 .text.__i2b    0x080113bc       0x2c C:/ST/STM32CubeIDE_1.16.1/STM32CubeIDE/plugins/com.st.stm32cube.ide.mcu.externaltools.gnu-tools-for-stm32.12.3.rel1.win32_1.0.200.202406191623/tools/bin/../lib/gcc/arm-none-eabi/12.3.1/../../../../arm-none-eabi/lib/thumb/v7e-m+fp/hard\libc_nano.a(libc_a-mprec.o)
                0x080113bc                __i2b
 .text.__multiply
                0x080113e8      0x154 C:/ST/STM32CubeIDE_1.16.1/STM32CubeIDE/plugins/com.st.stm32cube.ide.mcu.externaltools.gnu-tools-for-stm32.12.3.rel1.win32_1.0.200.202406191623/tools/bin/../lib/gcc/arm-none-eabi/12.3.1/../../../../arm-none-eabi/lib/thumb/v7e-m+fp/hard\libc_nano.a(libc_a-mprec.o)
                0x080113e8                __multiply
 .text.__pow5mult
                0x0801153c       0xb4 C:/ST/STM32CubeIDE_1.16.1/STM32CubeIDE/plugins/com.st.stm32cube.ide.mcu.externaltools.gnu-tools-for-stm32.12.3.rel1.win32_1.0.200.202406191623/tools/bin/../lib/gcc/arm-none-eabi/12.3.1/../../../../arm-none-eabi/lib/thumb/v7e-m+fp/hard\libc_nano.a(libc_a-mprec.o)
                0x0801153c                __pow5mult
 .text.__lshift
                0x080115f0       0xd8 C:/ST/STM32CubeIDE_1.16.1/STM32CubeIDE/plugins/com.st.stm32cube.ide.mcu.externaltools.gnu-tools-for-stm32.12.3.rel1.win32_1.0.200.202406191623/tools/bin/../lib/gcc/arm-none-eabi/12.3.1/../../../../arm-none-eabi/lib/thumb/v7e-m+fp/hard\libc_nano.a(libc_a-mprec.o)
                0x080115f0                __lshift
 .text.__mcmp   0x080116c8       0x36 C:/ST/STM32CubeIDE_1.16.1/STM32CubeIDE/plugins/com.st.stm32cube.ide.mcu.externaltools.gnu-tools-for-stm32.12.3.rel1.win32_1.0.200.202406191623/tools/bin/../lib/gcc/arm-none-eabi/12.3.1/../../../../arm-none-eabi/lib/thumb/v7e-m+fp/hard\libc_nano.a(libc_a-mprec.o)
                0x080116c8                __mcmp
 *fill*         0x080116fe        0x2 
 .text.__mdiff  0x08011700      0x128 C:/ST/STM32CubeIDE_1.16.1/STM32CubeIDE/plugins/com.st.stm32cube.ide.mcu.externaltools.gnu-tools-for-stm32.12.3.rel1.win32_1.0.200.202406191623/tools/bin/../lib/gcc/arm-none-eabi/12.3.1/../../../../arm-none-eabi/lib/thumb/v7e-m+fp/hard\libc_nano.a(libc_a-mprec.o)
                0x08011700                __mdiff
 .text.__ulp    0x08011828       0x4c C:/ST/STM32CubeIDE_1.16.1/STM32CubeIDE/plugins/com.st.stm32cube.ide.mcu.externaltools.gnu-tools-for-stm32.12.3.rel1.win32_1.0.200.202406191623/tools/bin/../lib/gcc/arm-none-eabi/12.3.1/../../../../arm-none-eabi/lib/thumb/v7e-m+fp/hard\libc_nano.a(libc_a-mprec.o)
                0x08011828                __ulp
 .text.__b2d    0x08011874       0x94 C:/ST/STM32CubeIDE_1.16.1/STM32CubeIDE/plugins/com.st.stm32cube.ide.mcu.externaltools.gnu-tools-for-stm32.12.3.rel1.win32_1.0.200.202406191623/tools/bin/../lib/gcc/arm-none-eabi/12.3.1/../../../../arm-none-eabi/lib/thumb/v7e-m+fp/hard\libc_nano.a(libc_a-mprec.o)
                0x08011874                __b2d
 .text.__d2b    0x08011908       0xb0 C:/ST/STM32CubeIDE_1.16.1/STM32CubeIDE/plugins/com.st.stm32cube.ide.mcu.externaltools.gnu-tools-for-stm32.12.3.rel1.win32_1.0.200.202406191623/tools/bin/../lib/gcc/arm-none-eabi/12.3.1/../../../../arm-none-eabi/lib/thumb/v7e-m+fp/hard\libc_nano.a(libc_a-mprec.o)
                0x08011908                __d2b
 .text.__ratio  0x080119b8       0x64 C:/ST/STM32CubeIDE_1.16.1/STM32CubeIDE/plugins/com.st.stm32cube.ide.mcu.externaltools.gnu-tools-for-stm32.12.3.rel1.win32_1.0.200.202406191623/tools/bin/../lib/gcc/arm-none-eabi/12.3.1/../../../../arm-none-eabi/lib/thumb/v7e-m+fp/hard\libc_nano.a(libc_a-mprec.o)
                0x080119b8                __ratio
 .text.__copybits
                0x08011a1c       0x46 C:/ST/STM32CubeIDE_1.16.1/STM32CubeIDE/plugins/com.st.stm32cube.ide.mcu.externaltools.gnu-tools-for-stm32.12.3.rel1.win32_1.0.200.202406191623/tools/bin/../lib/gcc/arm-none-eabi/12.3.1/../../../../arm-none-eabi/lib/thumb/v7e-m+fp/hard\libc_nano.a(libc_a-mprec.o)
                0x08011a1c                __copybits
 .text.__any_on
                0x08011a62       0x42 C:/ST/STM32CubeIDE_1.16.1/STM32CubeIDE/plugins/com.st.stm32cube.ide.mcu.externaltools.gnu-tools-for-stm32.12.3.rel1.win32_1.0.200.202406191623/tools/bin/../lib/gcc/arm-none-eabi/12.3.1/../../../../arm-none-eabi/lib/thumb/v7e-m+fp/hard\libc_nano.a(libc_a-mprec.o)
                0x08011a62                __any_on
 .text.sulp     0x08011aa4       0x3c C:/ST/STM32CubeIDE_1.16.1/STM32CubeIDE/plugins/com.st.stm32cube.ide.mcu.externaltools.gnu-tools-for-stm32.12.3.rel1.win32_1.0.200.202406191623/tools/bin/../lib/gcc/arm-none-eabi/12.3.1/../../../../arm-none-eabi/lib/thumb/v7e-m+fp/hard\libc_nano.a(libc_a-strtod.o)
 .text._strtod_l
                0x08011ae0      0xbc8 C:/ST/STM32CubeIDE_1.16.1/STM32CubeIDE/plugins/com.st.stm32cube.ide.mcu.externaltools.gnu-tools-for-stm32.12.3.rel1.win32_1.0.200.202406191623/tools/bin/../lib/gcc/arm-none-eabi/12.3.1/../../../../arm-none-eabi/lib/thumb/v7e-m+fp/hard\libc_nano.a(libc_a-strtod.o)
                0x08011ae0                _strtod_l
 .text._strtod_r
                0x080126a8        0xc C:/ST/STM32CubeIDE_1.16.1/STM32CubeIDE/plugins/com.st.stm32cube.ide.mcu.externaltools.gnu-tools-for-stm32.12.3.rel1.win32_1.0.200.202406191623/tools/bin/../lib/gcc/arm-none-eabi/12.3.1/../../../../arm-none-eabi/lib/thumb/v7e-m+fp/hard\libc_nano.a(libc_a-strtod.o)
                0x080126a8                _strtod_r
 .text._strtol_l.constprop.0
                0x080126b4       0xf4 C:/ST/STM32CubeIDE_1.16.1/STM32CubeIDE/plugins/com.st.stm32cube.ide.mcu.externaltools.gnu-tools-for-stm32.12.3.rel1.win32_1.0.200.202406191623/tools/bin/../lib/gcc/arm-none-eabi/12.3.1/../../../../arm-none-eabi/lib/thumb/v7e-m+fp/hard\libc_nano.a(libc_a-strtol.o)
 .text._strtol_r
                0x080127a8        0x4 C:/ST/STM32CubeIDE_1.16.1/STM32CubeIDE/plugins/com.st.stm32cube.ide.mcu.externaltools.gnu-tools-for-stm32.12.3.rel1.win32_1.0.200.202406191623/tools/bin/../lib/gcc/arm-none-eabi/12.3.1/../../../../arm-none-eabi/lib/thumb/v7e-m+fp/hard\libc_nano.a(libc_a-strtol.o)
                0x080127a8                _strtol_r
 .text.__ssputs_r